<html>
<body>
<pre>
<h1>µVision Build Log</h1>
<h2>Tool Versions:</h2>
IDE-Version: µVision V5.39.0.0
Copyright (C) 2023 ARM Ltd and ARM Germany GmbH. All rights reserved.
License Information: Abdulsamet Aybaz, -, LIC=P6F5U-S0KKH-NTB3G-VWQFF-83HTI-J5M5C
 
Tool Versions:
Toolchain:       MDK-ARM Professional  Version: 5.39.0.0
Toolchain Path:  C:\Keil_v5\ARM\ARMCLANG\Bin
C Compiler:      ArmClang.exe V6.21
Assembler:       Armasm.exe V6.21
Linker/Locator:  ArmLink.exe V6.21
Library Manager: ArmAr.exe V6.21
Hex Converter:   FromElf.exe V6.21
CPU DLL:         SARMCM3.DLL V5.39.0.0
Dialog DLL:      DCM.DLL V1.17.5.0
Target DLL:      STLink\ST-LINKIII-KEIL_SWO.dll V3.2.0.0
Dialog DLL:      TCM.DLL V1.56.4.0
 
<h2>Project:</h2>
C:\Users\abdul\OneDrive\Desktop\Project_5.2\project.uvprojx
Project File Date:  02/26/2024

<h2>Output:</h2>
*** Using Compiler 'V6.21', folder: 'C:\Keil_v5\ARM\ARMCLANG\Bin'
Build target 'Target 1'
id_switch_driver.c(1): warning: In file included from...
./main.h(7): warning: In file included from...
C:/Users/abdul/AppData/Local/Arm/Packs/Keil/STM32F7xx_DFP/2.16.0/Drivers/STM32F7xx_HAL_Driver/Inc\stm32f7xx_hal.h(29): warning: In file included from...
./RTE/Device/STM32F745ZGTx\stm32f7xx_hal_conf.h(28): warning: // comments are not allowed in this language [-Wcomment]
   28 | #include "RTE_Components.h"             // Component selection
      |                                         ^
id_switch_driver.c(1): warning: In file included from...
./main.h(7): warning: In file included from...
C:/Users/abdul/AppData/Local/Arm/Packs/Keil/STM32F7xx_DFP/2.16.0/Drivers/STM32F7xx_HAL_Driver/Inc\stm32f7xx_hal.h(29): warning: In file included from...
./RTE/Device/STM32F745ZGTx\stm32f7xx_hal_conf.h(380): warning: In file included from...
C:/Users/abdul/AppData/Local/Arm/Packs/Keil/STM32F7xx_DFP/2.16.0/Drivers/STM32F7xx_HAL_Driver/Inc\stm32f7xx_hal_rcc.h(27): warning: In file included from...
C:/Users/abdul/AppData/Local/Arm/Packs/Keil/STM32F7xx_DFP/2.16.0/Drivers/STM32F7xx_HAL_Driver/Inc/stm32f7xx_hal_def.h(32): warning: In file included from...
C:/Users/abdul/AppData/Local/Arm/Packs/Keil/STM32F7xx_DFP/2.16.0/Drivers/CMSIS/Device/ST/STM32F7xx/Include\stm32f7xx.h(129): warning: In file included from...
C:/Users/abdul/AppData/Local/Arm/Packs/Keil/STM32F7xx_DFP/2.16.0/Drivers/CMSIS/Device/ST/STM32F7xx/Include/stm32f745xx.h(154): warning: commas at the end of enumerator lists are a C99-specific feature [-Wc99-extensions]
  154 |   SPDIF_RX_IRQn               = 97,     /*!< SPDIF-RX global Interrupt                                         */
      |                                   ^
2 warnings generated.
compiling id_switch_driver.c...
linking...
Program Size: Code=7276 RO-data=504 RW-data=12 ZI-data=1644  
FromELF: creating hex file...
".\Objects\project.axf" - 0 Error(s), 2 Warning(s).

<h2>Software Packages used:</h2>

Package Vendor: ARM
                https://www.keil.com/pack/ARM.CMSIS.6.0.0.pack
                ARM::CMSIS@6.0.0
                CMSIS (Common Microcontroller Software Interface Standard)
   * Component: CORE Version: 6.0.0

Package Vendor: Keil
                https://www.keil.com/pack/Keil.STM32F7xx_DFP.2.16.0.pack
                Keil::STM32F7xx_DFP@2.16.0
                STMicroelectronics STM32F7 Series Device Support, Drivers and Examples
   * Component: STM32Cube Framework Version: 1.0.0
   * Component: Classic Version: 1.3.0
   * Component: Common Version: 1.3.0
   * Component: Cortex Version: 1.3.0
   * Component: GPIO Version: 1.3.0
   * Component: PWR Version: 1.3.0
   * Component: RCC Version: 1.3.0
   * Component: Startup Version: 1.2.5

<h2>Collection of Component include folders:</h2>
  ./RTE/Device/STM32F745ZGTx
  ./RTE/_Target_1
  C:/Users/abdul/AppData/Local/Arm/Packs/ARM/CMSIS/6.0.0/CMSIS/Core/Include
  C:/Users/abdul/AppData/Local/Arm/Packs/Keil/STM32F7xx_DFP/2.16.0/Drivers/CMSIS/Device/ST/STM32F7xx/Include
  C:/Users/abdul/AppData/Local/Arm/Packs/Keil/STM32F7xx_DFP/2.16.0/Drivers/STM32F7xx_HAL_Driver/Inc

<h2>Collection of Component Files used:</h2>

   * Component: ::Device:STM32Cube Framework(API)@1.0.0

   * Component: ARM::CMSIS:CORE@6.0.0

   * Component: Keil::Device:STM32Cube Framework:Classic@1.3.0
      Include file:  CMSIS/Driver/Config/RTE_Device.h
      Include file:  MDK/Templates/Inc/stm32f7xx_hal_conf.h
      Source file:   MDK/Templates/Src/stm32f7xx_hal_msp.c
      Include file:  MDK/Templates/Inc/stm32f7xx_it.h
      Source file:   MDK/Templates/Src/main.c
      Source file:   MDK/Templates/Src/stm32f7xx_it.c
      Source file:   MDK/Templates_LL/Src/main.c
      Include file:  MDK/Templates_LL/Inc/main.h
      Include file:  MDK/Templates/Inc/main.h

   * Component: Keil::Device:STM32Cube HAL:Common@1.3.0
      Source file:   Drivers/STM32F7xx_HAL_Driver/Src/stm32f7xx_hal.c
      Include file:  Drivers/STM32F7xx_HAL_Driver/Inc/stm32f7xx_hal.h

   * Component: Keil::Device:STM32Cube HAL:Cortex@1.3.0
      Source file:   Drivers/STM32F7xx_HAL_Driver/Src/stm32f7xx_hal_cortex.c

   * Component: Keil::Device:STM32Cube HAL:GPIO@1.3.0
      Source file:   Drivers/STM32F7xx_HAL_Driver/Src/stm32f7xx_hal_gpio.c

   * Component: Keil::Device:STM32Cube HAL:PWR@1.3.0
      Source file:   Drivers/STM32F7xx_HAL_Driver/Src/stm32f7xx_hal_pwr_ex.c
      Source file:   Drivers/STM32F7xx_HAL_Driver/Src/stm32f7xx_hal_pwr.c

   * Component: Keil::Device:STM32Cube HAL:RCC@1.3.0
      Source file:   Drivers/STM32F7xx_HAL_Driver/Src/stm32f7xx_hal_rcc.c
      Source file:   Drivers/STM32F7xx_HAL_Driver/Src/stm32f7xx_hal_rcc_ex.c

   * Component: Keil::Device:Startup@1.2.5
      Include file:  Drivers/CMSIS/Device/ST/STM32F7xx/Include/stm32f7xx.h
      Source file:   MDK/Device/Source/ARM/STM32F74x_75x_OTP.s
      Source file:   Drivers/CMSIS/Device/ST/STM32F7xx/Source/Templates/arm/startup_stm32f745xx.s
      Source file:   MDK/Device/Source/ARM/STM32F74x_75x_OPT.s
      Source file:   Drivers/CMSIS/Device/ST/STM32F7xx/Source/Templates/system_stm32f7xx.c
Build Time Elapsed:  00:00:01
</pre>
</body>
</html>
