<html>
<body>
<pre>
<h1>µVision Build Log</h1>
<h2>Tool Versions:</h2>
IDE-Version: µVision V5.39.0.0
Copyright (C) 2023 ARM Ltd and ARM Germany GmbH. All rights reserved.
License Information: Abdulsamet Aybaz, -, LIC=P6F5U-S0KKH-NTB3G-VWQFF-83HTI-J5M5C
 
Tool Versions:
Toolchain:       MDK-ARM Professional  Version: 5.39.0.0
Toolchain Path:  C:\Keil_v5\ARM\ARMCLANG\Bin
C Compiler:      ArmClang.exe V6.21
Assembler:       Armasm.exe V6.21
Linker/Locator:  ArmLink.exe V6.21
Library Manager: ArmAr.exe V6.21
Hex Converter:   FromElf.exe V6.21
CPU DLL:         SARMCM3.DLL V5.39.0.0
Dialog DLL:      DCM.DLL V1.17.5.0
Target DLL:      STLink\ST-LINKIII-KEIL_SWO.dll V3.2.0.0
Dialog DLL:      TCM.DLL V1.56.4.0
 
<h2>Project:</h2>
C:\Users\abdul\OneDrive\Desktop\github\Bootcamp\Bootcamp\Source\Embedded Codes\OPTOCOUPLER\project.uvprojx
Project File Date:  03/02/2024

<h2>Output:</h2>
*** Using Compiler 'V6.21', folder: 'C:\Keil_v5\ARM\ARMCLANG\Bin'
Rebuild target 'Target 1'
opto_driver.c(3): warning: In file included from...
./select.h(4): warning: invalid UTF-8 in comment [-Winvalid-utf8]
    4 | // y<F6>nlendirme :
      |     ^
1 warning generated.
compiling opto_driver.c...
compiling handler.c...
compiling deinit.c...
compiling hal_tick.c...
compiling init.c...
config.c(1): warning: In file included from...
./main.h(6): warning: In file included from...
C:/Users/abdul/AppData/Local/Arm/Packs/Keil/STM32F7xx_DFP/2.16.0/Drivers/CMSIS/Device/ST/STM32F7xx/Include\stm32f7xx.h(257): warning: In file included from...
C:/Users/abdul/AppData/Local/Arm/Packs/Keil/STM32F7xx_DFP/2.16.0/Drivers/STM32F7xx_HAL_Driver/Inc\stm32f7xx_hal.h(29): warning: In file included from...
./RTE/Device/STM32F745ZGTx\stm32f7xx_hal_conf.h(396): warning: In file included from...
C:/Users/abdul/AppData/Local/Arm/Packs/Keil/STM32F7xx_DFP/2.16.0/Drivers/STM32F7xx_HAL_Driver/Inc\stm32f7xx_hal_cortex.h(53): warning: padding struct 'MPU_Region_InitTypeDef' with 2 bytes to align 'BaseAddress' [-Wpadded]
   53 |   uint32_t               BaseAddress;           /*!< Specifies the base address of the region to protect.                           */
      |                          ^
1 warning generated.
compiling config.c...
main.c(7): warning: invalid UTF-8 in comment [-Winvalid-utf8]
    7 | Opto1 ile tetik okumasi(interrept y<F6>ntemi ile) yaparak user_led6 
      |                                    ^
main.c(8): warning: invalid UTF-8 in comment [-Winvalid-utf8]
    8 | Opto2 ile tetik okumasi(interrept y<F6>ntemi ile) yaparak user_led7 
      |                                    ^
main.c(11): warning: invalid UTF-8 in comment [-Winvalid-utf8]
   11 | Kart <FC>zerinde opto1 yada opto2 hangisi tetiklenecekse ona g<F6>re 
      |      ^
main.c(11): warning: invalid UTF-8 in comment [-Winvalid-utf8]
   11 | Kart <FC>zerinde opto1 yada opto2 hangisi tetiklenecekse ona g<F6>re 
      |                                                               ^
main.c(12): warning: invalid UTF-8 in comment [-Winvalid-utf8]
   12 | "select.h" dosyasinda ilgili define'nin <F6>n<FC>ndeki yorum satiri silinmelidir.
      |                                         ^
main.c(12): warning: invalid UTF-8 in comment [-Winvalid-utf8]
   12 | "select.h" dosyasinda ilgili define'nin <F6>n<FC>ndeki yorum satiri silinmelidir.
      |                                              ^
6 warnings generated.
compiling main.c...
C:/Users/abdul/AppData/Local/Arm/Packs/Keil/STM32F7xx_DFP/2.16.0/Drivers/STM32F7xx_HAL_Driver/Src/stm32f7xx_hal_cortex.c(216): warning: function 'HAL_NVIC_SystemReset' could be declared with attribute 'noreturn' [-Wmissing-noreturn]
  216 | {
      | ^
C:/Users/abdul/AppData/Local/Arm/Packs/Keil/STM32F7xx_DFP/2.16.0/Drivers/STM32F7xx_HAL_Driver/Src/stm32f7xx_hal_cortex.c(82): warning: In file included from...
C:/Users/abdul/AppData/Local/Arm/Packs/Keil/STM32F7xx_DFP/2.16.0/Drivers/STM32F7xx_HAL_Driver/Inc\stm32f7xx_hal.h(29): warning: In file included from...
./RTE/Device/STM32F745ZGTx\stm32f7xx_hal_conf.h(396): warning: In file included from...
C:/Users/abdul/AppData/Local/Arm/Packs/Keil/STM32F7xx_DFP/2.16.0/Drivers/STM32F7xx_HAL_Driver/Inc\stm32f7xx_hal_cortex.h(53): warning: padding struct 'MPU_Region_InitTypeDef' with 2 bytes to align 'BaseAddress' [-Wpadded]
   53 |   uint32_t               BaseAddress;           /*!< Specifies the base address of the region to protect.                           */
      |                          ^
2 warnings generated.
compiling stm32f7xx_hal_cortex.c...
compiling stm32f7xx_hal.c...
C:/Users/abdul/AppData/Local/Arm/Packs/Keil/STM32F7xx_DFP/2.16.0/Drivers/STM32F7xx_HAL_Driver/Src/stm32f7xx_hal_exti.c(379): warning: default label in switch which covers all enumeration values [-Wcovered-switch-default]
  379 |     default:
      |     ^
C:/Users/abdul/AppData/Local/Arm/Packs/Keil/STM32F7xx_DFP/2.16.0/Drivers/STM32F7xx_HAL_Driver/Src/stm32f7xx_hal_exti.c(466): warning: unused parameter 'Edge' [-Wunused-parameter]
  466 | uint32_t HAL_EXTI_GetPending(EXTI_HandleTypeDef *hexti, uint32_t Edge)
      |                                                                  ^
C:/Users/abdul/AppData/Local/Arm/Packs/Keil/STM32F7xx_DFP/2.16.0/Drivers/STM32F7xx_HAL_Driver/Src/stm32f7xx_hal_exti.c(495): warning: unused parameter 'Edge' [-Wunused-parameter]
  495 | void HAL_EXTI_ClearPending(EXTI_HandleTypeDef *hexti, uint32_t Edge)
      |                                                                ^
C:/Users/abdul/AppData/Local/Arm/Packs/Keil/STM32F7xx_DFP/2.16.0/Drivers/STM32F7xx_HAL_Driver/Src/stm32f7xx_hal_exti.c(199): warning: unsafe buffer access [-Wunsafe-buffer-usage]
  199 |       regval = SYSCFG->EXTICR[linepos >> 2u];
      |                ^~~~~~~~~~~~~~
C:/Users/abdul/AppData/Local/Arm/Packs/Keil/STM32F7xx_DFP/2.16.0/Drivers/CMSIS/Device/ST/STM32F7xx/Include/stm32f745xx.h(1286): note: expanded from macro 'SYSCFG'
 1286 | #define SYSCFG              ((SYSCFG_TypeDef *) SYSCFG_BASE)
      |                             ^
C:/Users/abdul/AppData/Local/Arm/Packs/Keil/STM32F7xx_DFP/2.16.0/Drivers/STM32F7xx_HAL_Driver/Src/stm32f7xx_hal_exti.c(202): warning: unsafe buffer access [-Wunsafe-buffer-usage]
  202 |       SYSCFG->EXTICR[linepos >> 2u] = regval;
      |       ^~~~~~~~~~~~~~
C:/Users/abdul/AppData/Local/Arm/Packs/Keil/STM32F7xx_DFP/2.16.0/Drivers/CMSIS/Device/ST/STM32F7xx/Include/stm32f745xx.h(1286): note: expanded from macro 'SYSCFG'
 1286 | #define SYSCFG              ((SYSCFG_TypeDef *) SYSCFG_BASE)
      |                             ^
C:/Users/abdul/AppData/Local/Arm/Packs/Keil/STM32F7xx_DFP/2.16.0/Drivers/STM32F7xx_HAL_Driver/Src/stm32f7xx_hal_exti.c(303): warning: unsafe buffer access [-Wunsafe-buffer-usage]
  303 |       regval = SYSCFG->EXTICR[linepos >> 2u];
      |                ^~~~~~~~~~~~~~
C:/Users/abdul/AppData/Local/Arm/Packs/Keil/STM32F7xx_DFP/2.16.0/Drivers/CMSIS/Device/ST/STM32F7xx/Include/stm32f745xx.h(1286): note: expanded from macro 'SYSCFG'
 1286 | #define SYSCFG              ((SYSCFG_TypeDef *) SYSCFG_BASE)
      |                             ^
C:/Users/abdul/AppData/Local/Arm/Packs/Keil/STM32F7xx_DFP/2.16.0/Drivers/STM32F7xx_HAL_Driver/Src/stm32f7xx_hal_exti.c(352): warning: unsafe buffer access [-Wunsafe-buffer-usage]
  352 |       regval = SYSCFG->EXTICR[linepos >> 2u];
      |                ^~~~~~~~~~~~~~
C:/Users/abdul/AppData/Local/Arm/Packs/Keil/STM32F7xx_DFP/2.16.0/Drivers/CMSIS/Device/ST/STM32F7xx/Include/stm32f745xx.h(1286): note: expanded from macro 'SYSCFG'
 1286 | #define SYSCFG              ((SYSCFG_TypeDef *) SYSCFG_BASE)
      |                             ^
C:/Users/abdul/AppData/Local/Arm/Packs/Keil/STM32F7xx_DFP/2.16.0/Drivers/STM32F7xx_HAL_Driver/Src/stm32f7xx_hal_exti.c(354): warning: unsafe buffer access [-Wunsafe-buffer-usage]
  354 |       SYSCFG->EXTICR[linepos >> 2u] = regval;
      |       ^~~~~~~~~~~~~~
C:/Users/abdul/AppData/Local/Arm/Packs/Keil/STM32F7xx_DFP/2.16.0/Drivers/CMSIS/Device/ST/STM32F7xx/Include/stm32f745xx.h(1286): note: expanded from macro 'SYSCFG'
 1286 | #define SYSCFG              ((SYSCFG_TypeDef *) SYSCFG_BASE)
      |                             ^
8 warnings generated.
compiling stm32f7xx_hal_exti.c...
C:/Users/abdul/AppData/Local/Arm/Packs/Keil/STM32F7xx_DFP/2.16.0/Drivers/STM32F7xx_HAL_Driver/Src/stm32f7xx_hal_pwr.c(386): warning: unused parameter 'Regulator' [-Wunused-parameter]
  386 | void HAL_PWR_EnterSLEEPMode(uint32_t Regulator, uint8_t SLEEPEntry)
      |                                      ^
1 warning generated.
compiling stm32f7xx_hal_pwr.c...
C:/Users/abdul/AppData/Local/Arm/Packs/Keil/STM32F7xx_DFP/2.16.0/Drivers/STM32F7xx_HAL_Driver/Src/stm32f7xx_hal_gpio.c(222): warning: unsafe buffer access [-Wunsafe-buffer-usage]
  222 |         temp = GPIOx->AFR[position >> 3];
      |                ^~~~~~~~~~
C:/Users/abdul/AppData/Local/Arm/Packs/Keil/STM32F7xx_DFP/2.16.0/Drivers/STM32F7xx_HAL_Driver/Src/stm32f7xx_hal_gpio.c(225): warning: unsafe buffer access [-Wunsafe-buffer-usage]
  225 |         GPIOx->AFR[position >> 3] = temp;
      |         ^~~~~~~~~~
C:/Users/abdul/AppData/Local/Arm/Packs/Keil/STM32F7xx_DFP/2.16.0/Drivers/STM32F7xx_HAL_Driver/Src/stm32f7xx_hal_gpio.c(241): warning: unsafe buffer access [-Wunsafe-buffer-usage]
  241 |         temp = SYSCFG->EXTICR[position >> 2];
      |                ^~~~~~~~~~~~~~
C:/Users/abdul/AppData/Local/Arm/Packs/Keil/STM32F7xx_DFP/2.16.0/Drivers/CMSIS/Device/ST/STM32F7xx/Include/stm32f745xx.h(1286): note: expanded from macro 'SYSCFG'
 1286 | #define SYSCFG              ((SYSCFG_TypeDef *) SYSCFG_BASE)
      |                             ^
C:/Users/abdul/AppData/Local/Arm/Packs/Keil/STM32F7xx_DFP/2.16.0/Drivers/STM32F7xx_HAL_Driver/Src/stm32f7xx_hal_gpio.c(244): warning: unsafe buffer access [-Wunsafe-buffer-usage]
  244 |         SYSCFG->EXTICR[position >> 2] = temp;
      |         ^~~~~~~~~~~~~~
C:/Users/abdul/AppData/Local/Arm/Packs/Keil/STM32F7xx_DFP/2.16.0/Drivers/CMSIS/Device/ST/STM32F7xx/Include/stm32f745xx.h(1286): note: expanded from macro 'SYSCFG'
 1286 | #define SYSCFG              ((SYSCFG_TypeDef *) SYSCFG_BASE)
      |                             ^
C:/Users/abdul/AppData/Local/Arm/Packs/Keil/STM32F7xx_DFP/2.16.0/Drivers/STM32F7xx_HAL_Driver/Src/stm32f7xx_hal_gpio.c(312): warning: unsafe buffer access [-Wunsafe-buffer-usage]
  312 |       tmp = SYSCFG->EXTICR[position >> 2];
      |             ^~~~~~~~~~~~~~
C:/Users/abdul/AppData/Local/Arm/Packs/Keil/STM32F7xx_DFP/2.16.0/Drivers/CMSIS/Device/ST/STM32F7xx/Include/stm32f745xx.h(1286): note: expanded from macro 'SYSCFG'
 1286 | #define SYSCFG              ((SYSCFG_TypeDef *) SYSCFG_BASE)
      |                             ^
C:/Users/abdul/AppData/Local/Arm/Packs/Keil/STM32F7xx_DFP/2.16.0/Drivers/STM32F7xx_HAL_Driver/Src/stm32f7xx_hal_gpio.c(326): warning: unsafe buffer access [-Wunsafe-buffer-usage]
  326 |         SYSCFG->EXTICR[position >> 2] &= ~tmp;
      |         ^~~~~~~~~~~~~~
C:/Users/abdul/AppData/Local/Arm/Packs/Keil/STM32F7xx_DFP/2.16.0/Drivers/CMSIS/Device/ST/STM32F7xx/Include/stm32f745xx.h(1286): note: expanded from macro 'SYSCFG'
 1286 | #define SYSCFG              ((SYSCFG_TypeDef *) SYSCFG_BASE)
      |                             ^
C:/Users/abdul/AppData/Local/Arm/Packs/Keil/STM32F7xx_DFP/2.16.0/Drivers/STM32F7xx_HAL_Driver/Src/stm32f7xx_hal_gpio.c(333): warning: unsafe buffer access [-Wunsafe-buffer-usage]
  333 |       GPIOx->AFR[position >> 3] &= ~((uint32_t)0xF << ((uint32_t)(position & (uint32_t)0x07) * 4)) ;
      |       ^~~~~~~~~~
7 warnings generated.
compiling stm32f7xx_hal_gpio.c...
compiling stm32f7xx_hal_pwr_ex.c...
assembling startup_stm32f745xx.s...
C:/Users/abdul/AppData/Local/Arm/Packs/Keil/STM32F7xx_DFP/2.16.0/Drivers/STM32F7xx_HAL_Driver/Src/stm32f7xx_hal_rcc.c(850): warning: unsafe buffer access [-Wunsafe-buffer-usage]
  850 |   SystemCoreClock = HAL_RCC_GetSysClockFreq() >> AHBPrescTable[(RCC->CFGR & RCC_CFGR_HPRE) >> RCC_CFGR_HPRE_Pos];
      |                                                  ^~~~~~~~~~~~~
C:/Users/abdul/AppData/Local/Arm/Packs/Keil/STM32F7xx_DFP/2.16.0/Drivers/STM32F7xx_HAL_Driver/Src/stm32f7xx_hal_rcc.c(1069): warning: unsafe buffer access [-Wunsafe-buffer-usage]
 1069 |   return (HAL_RCC_GetHCLKFreq() >> APBPrescTable[(RCC->CFGR & RCC_CFGR_PPRE1) >> RCC_CFGR_PPRE1_Pos]);
      |                                    ^~~~~~~~~~~~~
C:/Users/abdul/AppData/Local/Arm/Packs/Keil/STM32F7xx_DFP/2.16.0/Drivers/STM32F7xx_HAL_Driver/Src/stm32f7xx_hal_rcc.c(1081): warning: unsafe buffer access [-Wunsafe-buffer-usage]
 1081 |   return (HAL_RCC_GetHCLKFreq() >> APBPrescTable[(RCC->CFGR & RCC_CFGR_PPRE2) >> RCC_CFGR_PPRE2_Pos]);
      |                                    ^~~~~~~~~~~~~
3 warnings generated.
compiling stm32f7xx_hal_rcc.c...
compiling stm32f7xx_hal_rcc_ex.c...
RTE/Device/STM32F745ZGTx/system_stm32f7xx.c(243): warning: unsafe buffer access [-Wunsafe-buffer-usage]
  243 |   tmp = AHBPrescTable[((RCC->CFGR & RCC_CFGR_HPRE) >> 4)];
      |         ^~~~~~~~~~~~~
1 warning generated.
compiling system_stm32f7xx.c...
linking...
Program Size: Code=6014 RO-data=506 RW-data=8 ZI-data=1640  
".\Objects\project.axf" - 0 Error(s), 30 Warning(s).

<h2>Software Packages used:</h2>

Package Vendor: ARM
                https://www.keil.com/pack/ARM.CMSIS.6.0.0.pack
                ARM::CMSIS@6.0.0
                CMSIS (Common Microcontroller Software Interface Standard)
   * Component: CORE Version: 6.0.0

Package Vendor: Keil
                https://www.keil.com/pack/Keil.STM32F7xx_DFP.2.16.0.pack
                Keil::STM32F7xx_DFP@2.16.0
                STMicroelectronics STM32F7 Series Device Support, Drivers and Examples
   * Component: STM32Cube Framework Version: 1.0.0
   * Component: Classic Version: 1.3.0
   * Component: Common Version: 1.3.0
   * Component: Cortex Version: 1.3.0
   * Component: EXTI Version: 1.3.0
   * Component: GPIO Version: 1.3.0
   * Component: PWR Version: 1.3.0
   * Component: RCC Version: 1.3.0
   * Component: Startup Version: 1.2.5

<h2>Collection of Component include folders:</h2>
  ./RTE/Device/STM32F745ZGTx
  ./RTE/_Target_1
  C:/Users/abdul/AppData/Local/Arm/Packs/ARM/CMSIS/6.0.0/CMSIS/Core/Include
  C:/Users/abdul/AppData/Local/Arm/Packs/Keil/STM32F7xx_DFP/2.16.0/Drivers/CMSIS/Device/ST/STM32F7xx/Include
  C:/Users/abdul/AppData/Local/Arm/Packs/Keil/STM32F7xx_DFP/2.16.0/Drivers/STM32F7xx_HAL_Driver/Inc

<h2>Collection of Component Files used:</h2>

   * Component: ::Device:STM32Cube Framework(API)@1.0.0

   * Component: ARM::CMSIS:CORE@6.0.0

   * Component: Keil::Device:STM32Cube Framework:Classic@1.3.0
      Include file:  MDK/Templates/Inc/stm32f7xx_hal_conf.h
      Source file:   MDK/Templates/Src/stm32f7xx_it.c
      Include file:  MDK/Templates/Inc/main.h
      Source file:   MDK/Templates/Src/main.c
      Include file:  MDK/Templates_LL/Inc/main.h
      Source file:   MDK/Templates_LL/Src/main.c
      Include file:  CMSIS/Driver/Config/RTE_Device.h
      Source file:   MDK/Templates/Src/stm32f7xx_hal_msp.c
      Include file:  MDK/Templates/Inc/stm32f7xx_it.h

   * Component: Keil::Device:STM32Cube HAL:Common@1.3.0
      Include file:  Drivers/STM32F7xx_HAL_Driver/Inc/stm32f7xx_hal.h
      Source file:   Drivers/STM32F7xx_HAL_Driver/Src/stm32f7xx_hal.c

   * Component: Keil::Device:STM32Cube HAL:Cortex@1.3.0
      Source file:   Drivers/STM32F7xx_HAL_Driver/Src/stm32f7xx_hal_cortex.c

   * Component: Keil::Device:STM32Cube HAL:EXTI@1.3.0
      Source file:   Drivers/STM32F7xx_HAL_Driver/Src/stm32f7xx_hal_exti.c

   * Component: Keil::Device:STM32Cube HAL:GPIO@1.3.0
      Source file:   Drivers/STM32F7xx_HAL_Driver/Src/stm32f7xx_hal_gpio.c

   * Component: Keil::Device:STM32Cube HAL:PWR@1.3.0
      Source file:   Drivers/STM32F7xx_HAL_Driver/Src/stm32f7xx_hal_pwr_ex.c
      Source file:   Drivers/STM32F7xx_HAL_Driver/Src/stm32f7xx_hal_pwr.c

   * Component: Keil::Device:STM32Cube HAL:RCC@1.3.0
      Source file:   Drivers/STM32F7xx_HAL_Driver/Src/stm32f7xx_hal_rcc.c
      Source file:   Drivers/STM32F7xx_HAL_Driver/Src/stm32f7xx_hal_rcc_ex.c

   * Component: Keil::Device:Startup@1.2.5
      Include file:  Drivers/CMSIS/Device/ST/STM32F7xx/Include/stm32f7xx.h
      Source file:   MDK/Device/Source/ARM/STM32F74x_75x_OTP.s
      Source file:   Drivers/CMSIS/Device/ST/STM32F7xx/Source/Templates/arm/startup_stm32f745xx.s
      Source file:   MDK/Device/Source/ARM/STM32F74x_75x_OPT.s
      Source file:   Drivers/CMSIS/Device/ST/STM32F7xx/Source/Templates/system_stm32f7xx.c
Build Time Elapsed:  00:00:02
</pre>
</body>
</html>
