Component: Arm Compiler for Embedded 6.21 Tool: armlink [5ec1fa00]

==============================================================================

Section Cross References

    led_driver.o(.text.open) refers to stm32f7xx_hal_gpio.o(.text.HAL_GPIO_WritePin) for HAL_GPIO_WritePin
    led_driver.o(.ARM.exidx.text.open) refers to led_driver.o(.text.open) for [Anonymous Symbol]
    led_driver.o(.text.close) refers to stm32f7xx_hal_gpio.o(.text.HAL_GPIO_WritePin) for HAL_GPIO_WritePin
    led_driver.o(.ARM.exidx.text.close) refers to led_driver.o(.text.close) for [Anonymous Symbol]
    led_driver.o(.text.toggle) refers to stm32f7xx_hal_gpio.o(.text.HAL_GPIO_TogglePin) for HAL_GPIO_TogglePin
    led_driver.o(.ARM.exidx.text.toggle) refers to led_driver.o(.text.toggle) for [Anonymous Symbol]
    main.o(.text.timerCallback) refers to main.o(.bss.counter) for counter
    main.o(.ARM.exidx.text.timerCallback) refers to main.o(.text.timerCallback) for [Anonymous Symbol]
    main.o(.text.periodic) refers to main.o(.text.timerCallback) for timerCallback
    main.o(.text.periodic) refers to main.o(.rodata.timerAttr) for timerAttr
    main.o(.text.periodic) refers to rtx_timer.o(.text.osTimerNew) for osTimerNew
    main.o(.text.periodic) refers to main.o(.bss.timerId) for timerId
    main.o(.text.periodic) refers to rtx_timer.o(.text.osTimerStart) for osTimerStart
    main.o(.text.periodic) refers to stm32f7xx_hal_gpio.o(.text.HAL_GPIO_TogglePin) for HAL_GPIO_TogglePin
    main.o(.text.periodic) refers to rtx_delay.o(.text.osDelay) for osDelay
    main.o(.ARM.exidx.text.periodic) refers to main.o(.text.periodic) for [Anonymous Symbol]
    main.o(.text.oneshot) refers to main.o(.bss.oneshot_event_id) for oneshot_event_id
    main.o(.text.oneshot) refers to rtx_evflags.o(.text.osEventFlagsWait) for osEventFlagsWait
    main.o(.text.oneshot) refers to main.o(.bss.oneshot_trigger) for oneshot_trigger
    main.o(.text.oneshot) refers to main.o(.bss.oneshot_timer_id) for oneshot_timer_id
    main.o(.text.oneshot) refers to rtx_timer.o(.text.osTimerStart) for osTimerStart
    main.o(.ARM.exidx.text.oneshot) refers to main.o(.text.oneshot) for [Anonymous Symbol]
    main.o(.text.oneshot_timer_callback) refers to main.o(.bss.periodic_id) for periodic_id
    main.o(.text.oneshot_timer_callback) refers to rtx_thread.o(.text.osThreadSuspend) for osThreadSuspend
    main.o(.text.oneshot_timer_callback) refers to stm32f7xx_hal_gpio.o(.text.HAL_GPIO_WritePin) for HAL_GPIO_WritePin
    main.o(.ARM.exidx.text.oneshot_timer_callback) refers to main.o(.text.oneshot_timer_callback) for [Anonymous Symbol]
    main.o(.text.HAL_GPIO_EXTI_Callback) refers to stm32f7xx_hal_gpio.o(.text.HAL_GPIO_ReadPin) for HAL_GPIO_ReadPin
    main.o(.text.HAL_GPIO_EXTI_Callback) refers to main.o(.bss.oneshot_trigger) for oneshot_trigger
    main.o(.text.HAL_GPIO_EXTI_Callback) refers to main.o(.bss.oneshot_event_id) for oneshot_event_id
    main.o(.text.HAL_GPIO_EXTI_Callback) refers to rtx_evflags.o(.text.osEventFlagsSet) for osEventFlagsSet
    main.o(.ARM.exidx.text.HAL_GPIO_EXTI_Callback) refers to main.o(.text.HAL_GPIO_EXTI_Callback) for [Anonymous Symbol]
    main.o(.text.EXTI1_IRQHandler) refers to stm32f7xx_hal_gpio.o(.text.HAL_GPIO_EXTI_IRQHandler) for HAL_GPIO_EXTI_IRQHandler
    main.o(.ARM.exidx.text.EXTI1_IRQHandler) refers to main.o(.text.EXTI1_IRQHandler) for [Anonymous Symbol]
    main.o(.text.app_main) refers to main.o(.text.periodic) for periodic
    main.o(.text.app_main) refers to rtx_thread.o(.text.osThreadNew) for osThreadNew
    main.o(.text.app_main) refers to main.o(.bss.periodic_id) for periodic_id
    main.o(.text.app_main) refers to main.o(.text.oneshot) for oneshot
    main.o(.text.app_main) refers to main.o(.bss.oneshot_id) for oneshot_id
    main.o(.ARM.exidx.text.app_main) refers to main.o(.text.app_main) for [Anonymous Symbol]
    main.o(.text.main) refers to system_stm32f7xx.o(.text.SystemCoreClockUpdate) for SystemCoreClockUpdate
    main.o(.text.main) refers to stm32f7xx_hal.o(.text.HAL_Init) for HAL_Init
    main.o(.text.main) refers to init.o(.text.GPIO_Init) for GPIO_Init
    main.o(.text.main) refers to stm32f7xx_hal_cortex.o(.text.HAL_NVIC_SetPriority) for HAL_NVIC_SetPriority
    main.o(.text.main) refers to stm32f7xx_hal_cortex.o(.text.HAL_NVIC_EnableIRQ) for HAL_NVIC_EnableIRQ
    main.o(.text.main) refers to rtx_kernel.o(.text.osKernelInitialize) for osKernelInitialize
    main.o(.text.main) refers to rtx_evflags.o(.text.osEventFlagsNew) for osEventFlagsNew
    main.o(.text.main) refers to main.o(.bss.oneshot_event_id) for oneshot_event_id
    main.o(.text.main) refers to main.o(.text.oneshot_timer_callback) for oneshot_timer_callback
    main.o(.text.main) refers to main.o(.rodata.timerAttr_2) for timerAttr_2
    main.o(.text.main) refers to rtx_timer.o(.text.osTimerNew) for osTimerNew
    main.o(.text.main) refers to main.o(.bss.oneshot_timer_id) for oneshot_timer_id
[...]
    __arm_cp.3_0                             0x08001454   Number         4  rtx_evflags.o(.text.osEventFlagsSet)
    [Anonymous Symbol]                       0x08001458   Section        0  rtx_evflags.o(.text.osEventFlagsWait)
    __arm_cp.8_0                             0x08001498   Number         4  rtx_evflags.o(.text.osEventFlagsWait)
    [Anonymous Symbol]                       0x0800149c   Section        0  rtx_kernel.o(.text.osKernelGetState)
    __arm_cp.5_0                             0x080014c4   Number         4  rtx_kernel.o(.text.osKernelGetState)
    __arm_cp.5_1                             0x080014c8   Number         4  rtx_kernel.o(.text.osKernelGetState)
    [Anonymous Symbol]                       0x080014cc   Section        0  rtx_kernel.o(.text.osKernelInitialize)
    __arm_cp.2_0                             0x080014f4   Number         4  rtx_kernel.o(.text.osKernelInitialize)
    [Anonymous Symbol]                       0x080014f8   Section        0  rtx_kernel.o(.text.osKernelStart)
    __arm_cp.7_0                             0x08001518   Number         4  rtx_kernel.o(.text.osKernelStart)
    [Anonymous Symbol]                       0x0800151c   Section        0  rtx_msgqueue.o(.text.osMessageQueueGet)
    __arm_cp.6_0                             0x08001588   Number         4  rtx_msgqueue.o(.text.osMessageQueueGet)
    [Anonymous Symbol]                       0x0800158c   Section        0  rtx_msgqueue.o(.text.osMessageQueuePut)
    __arm_cp.5_0                             0x08001608   Number         4  rtx_msgqueue.o(.text.osMessageQueuePut)
    [Anonymous Symbol]                       0x0800160c   Section        0  rtx_mutex.o(.text.osMutexAcquire)
    __arm_cp.5_0                             0x0800162c   Number         4  rtx_mutex.o(.text.osMutexAcquire)
    [Anonymous Symbol]                       0x08001630   Section        0  rtx_mutex.o(.text.osMutexDelete)
    __arm_cp.8_0                             0x08001650   Number         4  rtx_mutex.o(.text.osMutexDelete)
    [Anonymous Symbol]                       0x08001654   Section        0  rtx_mutex.o(.text.osMutexNew)
    __arm_cp.2_0                             0x08001674   Number         4  rtx_mutex.o(.text.osMutexNew)
    [Anonymous Symbol]                       0x08001678   Section        0  rtx_mutex.o(.text.osMutexRelease)
    __arm_cp.6_0                             0x08001698   Number         4  rtx_mutex.o(.text.osMutexRelease)
    [Anonymous Symbol]                       0x080016a0   Section        0  rtx_config.o(.text.osRtxErrorNotify)
    osRtxEventFlagsPostProcess               0x080016d1   Thumb Code    50  rtx_evflags.o(.text.osRtxEventFlagsPostProcess)
    [Anonymous Symbol]                       0x080016d0   Section        0  rtx_evflags.o(.text.osRtxEventFlagsPostProcess)
    [Anonymous Symbol]                       0x08001708   Section        0  rtx_config.o(.text.osRtxIdleThread)
    [Anonymous Symbol]                       0x08001710   Section        0  rtx_kernel.o(.text.osRtxKernelBeforeInit)
    [Anonymous Symbol]                       0x08001712   Section        0  rtx_kernel.o(.text.osRtxKernelErrorNotify)
    [Anonymous Symbol]                       0x08001716   Section        0  rtx_memory.o(.text.osRtxMemoryAlloc)
    [Anonymous Symbol]                       0x08001784   Section        0  rtx_memory.o(.text.osRtxMemoryFree)
    [Anonymous Symbol]                       0x080017c6   Section        0  rtx_memory.o(.text.osRtxMemoryInit)
    [Anonymous Symbol]                       0x080017fc   Section        0  rtx_mempool.o(.text.osRtxMemoryPoolAlloc)
    [Anonymous Symbol]                       0x08001836   Section        0  rtx_mempool.o(.text.osRtxMemoryPoolFree)
    [Anonymous Symbol]                       0x08001880   Section        0  rtx_mempool.o(.text.osRtxMemoryPoolInit)
    osRtxMessageQueuePostProcess             0x080018b9   Thumb Code   170  rtx_msgqueue.o(.text.osRtxMessageQueuePostProcess)
    [Anonymous Symbol]                       0x080018b8   Section        0  rtx_msgqueue.o(.text.osRtxMessageQueuePostProcess)
    [Anonymous Symbol]                       0x08001964   Section        0  rtx_msgqueue.o(.text.osRtxMessageQueueTimerSetup)
    __arm_cp.0_0                             0x08001984   Number         4  rtx_msgqueue.o(.text.osRtxMessageQueueTimerSetup)
    [Anonymous Symbol]                       0x08001988   Section        0  rtx_mutex.o(.text.osRtxMutexOwnerRelease)
    [Anonymous Symbol]                       0x080019d0   Section        0  rtx_mutex.o(.text.osRtxMutexOwnerRestore)
    [Anonymous Symbol]                       0x08001a1c   Section        0  rtx_system.o(.text.osRtxPendSV_Handler)
    __arm_cp.1_0                             0x08001a98   Number         4  rtx_system.o(.text.osRtxPendSV_Handler)
    [Anonymous Symbol]                       0x08001ac0   Section        0  rtx_system.o(.text.osRtxPostProcess)
    __arm_cp.2_1                             0x08001b2c   Number         4  rtx_system.o(.text.osRtxPostProcess)
    [Anonymous Symbol]                       0x08001b30   Section        0  rtx_lib.o(.text.osRtxThreadBeforeFree)
    osRtxThreadBlock                         0x08001b41   Thumb Code    52  rtx_thread.o(.text.osRtxThreadBlock)
    [Anonymous Symbol]                       0x08001b40   Section        0  rtx_thread.o(.text.osRtxThreadBlock)
    osRtxThreadDelayInsert                   0x08001b75   Thumb Code   124  rtx_thread.o(.text.osRtxThreadDelayInsert)
    [Anonymous Symbol]                       0x08001b74   Section        0  rtx_thread.o(.text.osRtxThreadDelayInsert)
    [Anonymous Symbol]                       0x08001bf0   Section        0  rtx_thread.o(.text.osRtxThreadDelayRemove)
    [Anonymous Symbol]                       0x08001c2c   Section        0  rtx_thread.o(.text.osRtxThreadDelayTick)
    [Anonymous Symbol]                       0x08001c78   Section        0  rtx_thread.o(.text.osRtxThreadDestroy)
    [Anonymous Symbol]                       0x08001c98   Section        0  rtx_thread.o(.text.osRtxThreadDispatch)
    osRtxThreadFree                          0x08001ced   Thumb Code    84  rtx_thread.o(.text.osRtxThreadFree)
    [Anonymous Symbol]                       0x08001cec   Section        0  rtx_thread.o(.text.osRtxThreadFree)
    __arm_cp.16_0                            0x08001d40   Number         4  rtx_thread.o(.text.osRtxThreadFree)
    [Anonymous Symbol]                       0x08001d44   Section        0  rtx_thread.o(.text.osRtxThreadJoinWakeup)
    [Anonymous Symbol]                       0x08001d62   Section        0  rtx_thread.o(.text.osRtxThreadListGet)
    [Anonymous Symbol]                       0x08001d74   Section        0  rtx_thread.o(.text.osRtxThreadListPut)
    [Anonymous Symbol]                       0x08001da0   Section        0  rtx_thread.o(.text.osRtxThreadListRemove)
    [Anonymous Symbol]                       0x08001db4   Section        0  rtx_thread.o(.text.osRtxThreadListSort)
    osRtxThreadPostProcess                   0x08001ddb   Thumb Code    40  rtx_thread.o(.text.osRtxThreadPostProcess)
    [Anonymous Symbol]                       0x08001dda   Section        0  rtx_thread.o(.text.osRtxThreadPostProcess)
    [Anonymous Symbol]                       0x08001e04   Section        0  rtx_thread.o(.text.osRtxThreadReadyPut)
    [Anonymous Symbol]                       0x08001e14   Section        0  rtx_thread.o(.text.osRtxThreadRegPtr)
    [Anonymous Symbol]                       0x08001e28   Section        0  rtx_thread.o(.text.osRtxThreadStartup)
    __arm_cp.18_0                            0x08001e58   Number         4  rtx_thread.o(.text.osRtxThreadStartup)
    __arm_cp.18_1                            0x08001e5c   Number         4  rtx_thread.o(.text.osRtxThreadStartup)
    [Anonymous Symbol]                       0x08001e60   Section        0  rtx_thread.o(.text.osRtxThreadSwitch)
    __arm_cp.8_0                             0x08001e7c   Number         4  rtx_thread.o(.text.osRtxThreadSwitch)
    [Anonymous Symbol]                       0x08001e80   Section        0  rtx_thread.o(.text.osRtxThreadWaitEnter)
    __arm_cp.12_0                            0x08001eb8   Number         4  rtx_thread.o(.text.osRtxThreadWaitEnter)
    [Anonymous Symbol]                       0x08001ebc   Section        0  rtx_thread.o(.text.osRtxThreadWaitExit)
    [Anonymous Symbol]                       0x08001ef0   Section        0  rtx_system.o(.text.osRtxTick_Handler)
    __arm_cp.0_0                             0x08001f60   Number         4  rtx_system.o(.text.osRtxTick_Handler)
    [Anonymous Symbol]                       0x08001f64   Section        0  rtx_timer.o(.text.osRtxTimerSetup)
    __arm_cp.0_0                             0x08001f7c   Number         4  rtx_timer.o(.text.osRtxTimerSetup)
    __arm_cp.0_1                             0x08001f80   Number         4  rtx_timer.o(.text.osRtxTimerSetup)
    [Anonymous Symbol]                       0x08001f84   Section        0  rtx_timer.o(.text.osRtxTimerThread)
    osRtxTimerTick                           0x08001fa5   Thumb Code   108  rtx_timer.o(.text.osRtxTimerTick)
    [Anonymous Symbol]                       0x08001fa4   Section        0  rtx_timer.o(.text.osRtxTimerTick)
    __arm_cp.1_0                             0x08002010   Number         4  rtx_timer.o(.text.osRtxTimerTick)
    osThreadEntry                            0x08002015   Thumb Code     6  rtx_thread.o(.text.osThreadEntry)
    [Anonymous Symbol]                       0x08002014   Section        0  rtx_thread.o(.text.osThreadEntry)
    [Anonymous Symbol]                       0x0800201c   Section        0  rtx_thread.o(.text.osThreadExit)
    __arm_cp.40_0                            0x08002024   Number         4  rtx_thread.o(.text.osThreadExit)
    [Anonymous Symbol]                       0x08002028   Section        0  rtx_thread.o(.text.osThreadNew)
    __arm_cp.20_0                            0x08002050   Number         4  rtx_thread.o(.text.osThreadNew)
    [Anonymous Symbol]                       0x08002054   Section        0  rtx_thread.o(.text.osThreadSuspend)
    __arm_cp.36_0                            0x08002074   Number         4  rtx_thread.o(.text.osThreadSuspend)
    [Anonymous Symbol]                       0x08002078   Section        0  rtx_timer.o(.text.osTimerNew)
    __arm_cp.3_0                             0x08002098   Number         4  rtx_timer.o(.text.osTimerNew)
    [Anonymous Symbol]                       0x0800209c   Section        0  rtx_timer.o(.text.osTimerStart)
    __arm_cp.6_0                             0x080020bc   Number         4  rtx_timer.o(.text.osTimerStart)
    os_kernel_is_active                      0x080020c1   Thumb Code    54  rtx_lib.o(.text.os_kernel_is_active)
    [Anonymous Symbol]                       0x080020c0   Section        0  rtx_lib.o(.text.os_kernel_is_active)
    [Anonymous Symbol]                       0x080020f8   Section        0  main.o(.text.periodic)
    svcRtxDelay                              0x08002143   Thumb Code    22  rtx_delay.o(.text.svcRtxDelay)
    [Anonymous Symbol]                       0x08002142   Section        0  rtx_delay.o(.text.svcRtxDelay)
    svcRtxEventFlagsNew                      0x08002159   Thumb Code    96  rtx_evflags.o(.text.svcRtxEventFlagsNew)
    [Anonymous Symbol]                       0x08002158   Section        0  rtx_evflags.o(.text.svcRtxEventFlagsNew)
    __arm_cp.10_0                            0x080021b8   Number         4  rtx_evflags.o(.text.svcRtxEventFlagsNew)
    __arm_cp.10_1                            0x080021bc   Number         4  rtx_evflags.o(.text.svcRtxEventFlagsNew)
    svcRtxEventFlagsSet                      0x080021c1   Thumb Code   128  rtx_evflags.o(.text.svcRtxEventFlagsSet)
    [Anonymous Symbol]                       0x080021c0   Section        0  rtx_evflags.o(.text.svcRtxEventFlagsSet)
    svcRtxEventFlagsWait                     0x08002241   Thumb Code    88  rtx_evflags.o(.text.svcRtxEventFlagsWait)
    [Anonymous Symbol]                       0x08002240   Section        0  rtx_evflags.o(.text.svcRtxEventFlagsWait)
    svcRtxKernelGetState                     0x08002299   Thumb Code     8  rtx_kernel.o(.text.svcRtxKernelGetState)
    [Anonymous Symbol]                       0x08002298   Section        0  rtx_kernel.o(.text.svcRtxKernelGetState)
    __arm_cp.6_0                             0x080022a0   Number         4  rtx_kernel.o(.text.svcRtxKernelGetState)
    svcRtxKernelInitialize                   0x080022a5   Thumb Code   256  rtx_kernel.o(.text.svcRtxKernelInitialize)
    [Anonymous Symbol]                       0x080022a4   Section        0  rtx_kernel.o(.text.svcRtxKernelInitialize)
    __arm_cp.25_2                            0x080023a4   Number         4  rtx_kernel.o(.text.svcRtxKernelInitialize)
    svcRtxKernelStart                        0x080023a9   Thumb Code   104  rtx_kernel.o(.text.svcRtxKernelStart)
    [Anonymous Symbol]                       0x080023a8   Section        0  rtx_kernel.o(.text.svcRtxKernelStart)
    __arm_cp.26_1                            0x08002410   Number         4  rtx_kernel.o(.text.svcRtxKernelStart)
    __arm_cp.26_2                            0x08002414   Number         4  rtx_kernel.o(.text.svcRtxKernelStart)
    __arm_cp.26_3                            0x08002418   Number         4  rtx_kernel.o(.text.svcRtxKernelStart)
    svcRtxMessageQueueGet                    0x0800241d   Thumb Code   200  rtx_msgqueue.o(.text.svcRtxMessageQueueGet)
    [Anonymous Symbol]                       0x0800241c   Section        0  rtx_msgqueue.o(.text.svcRtxMessageQueueGet)
    __arm_cp.22_0                            0x080024e4   Number         4  rtx_msgqueue.o(.text.svcRtxMessageQueueGet)
    svcRtxMessageQueueNew                    0x080024e9   Thumb Code   280  rtx_msgqueue.o(.text.svcRtxMessageQueueNew)
    [Anonymous Symbol]                       0x080024e8   Section        0  rtx_msgqueue.o(.text.svcRtxMessageQueueNew)
    __arm_cp.1_0                             0x08002600   Number         4  rtx_msgqueue.o(.text.svcRtxMessageQueueNew)
    __arm_cp.1_1                             0x08002604   Number         4  rtx_msgqueue.o(.text.svcRtxMessageQueueNew)
    svcRtxMessageQueuePut                    0x08002609   Thumb Code   168  rtx_msgqueue.o(.text.svcRtxMessageQueuePut)
    [Anonymous Symbol]                       0x08002608   Section        0  rtx_msgqueue.o(.text.svcRtxMessageQueuePut)
    svcRtxMutexAcquire                       0x080026b1   Thumb Code   140  rtx_mutex.o(.text.svcRtxMutexAcquire)
    [Anonymous Symbol]                       0x080026b0   Section        0  rtx_mutex.o(.text.svcRtxMutexAcquire)
    __arm_cp.10_0                            0x0800273c   Number         4  rtx_mutex.o(.text.svcRtxMutexAcquire)
    svcRtxMutexDelete                        0x08002741   Thumb Code   176  rtx_mutex.o(.text.svcRtxMutexDelete)
    [Anonymous Symbol]                       0x08002740   Section        0  rtx_mutex.o(.text.svcRtxMutexDelete)
    svcRtxMutexNew                           0x080027f1   Thumb Code   100  rtx_mutex.o(.text.svcRtxMutexNew)
    [Anonymous Symbol]                       0x080027f0   Section        0  rtx_mutex.o(.text.svcRtxMutexNew)
    __arm_cp.9_0                             0x08002854   Number         4  rtx_mutex.o(.text.svcRtxMutexNew)
    svcRtxMutexRelease                       0x08002859   Thumb Code   176  rtx_mutex.o(.text.svcRtxMutexRelease)
    [Anonymous Symbol]                       0x08002858   Section        0  rtx_mutex.o(.text.svcRtxMutexRelease)
    __arm_cp.11_0                            0x08002908   Number         4  rtx_mutex.o(.text.svcRtxMutexRelease)
    svcRtxThreadExit                         0x0800290d   Thumb Code    72  rtx_thread.o(.text.svcRtxThreadExit)
    [Anonymous Symbol]                       0x0800290c   Section        0  rtx_thread.o(.text.svcRtxThreadExit)
    __arm_cp.71_0                            0x08002954   Number         4  rtx_thread.o(.text.svcRtxThreadExit)
    svcRtxThreadNew                          0x08002959   Thumb Code   484  rtx_thread.o(.text.svcRtxThreadNew)
    [Anonymous Symbol]                       0x08002958   Section        0  rtx_thread.o(.text.svcRtxThreadNew)
    __arm_cp.19_0                            0x08002b3c   Number         4  rtx_thread.o(.text.svcRtxThreadNew)
    __arm_cp.19_1                            0x08002b40   Number         4  rtx_thread.o(.text.svcRtxThreadNew)
    __arm_cp.19_3                            0x08002b44   Number         4  rtx_thread.o(.text.svcRtxThreadNew)
    __arm_cp.19_4                            0x08002b48   Number         4  rtx_thread.o(.text.svcRtxThreadNew)
    __arm_cp.19_5                            0x08002b4c   Number         4  rtx_thread.o(.text.svcRtxThreadNew)
    svcRtxThreadSuspend                      0x08002b51   Thumb Code   108  rtx_thread.o(.text.svcRtxThreadSuspend)
    [Anonymous Symbol]                       0x08002b50   Section        0  rtx_thread.o(.text.svcRtxThreadSuspend)
    __arm_cp.66_0                            0x08002bbc   Number         4  rtx_thread.o(.text.svcRtxThreadSuspend)
    svcRtxTimerNew                           0x08002bc1   Thumb Code   120  rtx_timer.o(.text.svcRtxTimerNew)
    [Anonymous Symbol]                       0x08002bc0   Section        0  rtx_timer.o(.text.svcRtxTimerNew)
    __arm_cp.11_0                            0x08002c38   Number         4  rtx_timer.o(.text.svcRtxTimerNew)
    svcRtxTimerStart                         0x08002c3d   Thumb Code    68  rtx_timer.o(.text.svcRtxTimerStart)
    [Anonymous Symbol]                       0x08002c3c   Section        0  rtx_timer.o(.text.svcRtxTimerStart)
    __arm_cp.12_0                            0x08002c80   Number         4  rtx_timer.o(.text.svcRtxTimerStart)
    [Anonymous Symbol]                       0x08002c88   Section        0  main.o(.text.timerCallback)
    user_perthread_libspace_free             0x08002ca1   Thumb Code    72  rtx_lib.o(.text.user_perthread_libspace_free)
    [Anonymous Symbol]                       0x08002ca0   Section        0  rtx_lib.o(.text.user_perthread_libspace_free)
    $v0                                      0x08002ce8   Number         0  fpinit.o(x$fpl$fpinit)
    x$fpl$fpinit                             0x08002ce8   Section       26  fpinit.o(x$fpl$fpinit)
    __tagsym$$used.4                         0x08002d04   Number         0  rtx_lib.o(.rodata)
    __tagsym$$used.5                         0x08002d74   Number         0  rtx_lib.o(.rodata)
    os_idle_thread_attr                      0x08002de4   Data          36  rtx_lib.o(.rodata.os_idle_thread_attr)
    [Anonymous Symbol]                       0x08002de4   Section        0  rtx_lib.o(.rodata.os_idle_thread_attr)
    os_timer_mq_attr                         0x08002e08   Data          24  rtx_lib.o(.rodata.os_timer_mq_attr)
    [Anonymous Symbol]                       0x08002e08   Section        0  rtx_lib.o(.rodata.os_timer_mq_attr)
    os_timer_thread_attr                     0x08002e20   Data          36  rtx_lib.o(.rodata.os_timer_thread_attr)
    [Anonymous Symbol]                       0x08002e20   Section        0  rtx_lib.o(.rodata.os_timer_thread_attr)
    [Anonymous Symbol]                       0x08002e44   Section        0  main.o(.rodata.str1.1)
    [Anonymous Symbol]                       0x08002e64   Section        0  rtx_kernel.o(.rodata.str1.4)
    timerAttr                                0x08002e70   Data          16  main.o(.rodata.timerAttr)
    [Anonymous Symbol]                       0x08002e70   Section        0  main.o(.rodata.timerAttr)
    timerAttr_2                              0x08002e80   Data          16  main.o(.rodata.timerAttr_2)
    [Anonymous Symbol]                       0x08002e80   Section        0  main.o(.rodata.timerAttr_2)
    .bss                                     0x200100a8   Section       96  libspace.o(.bss)
    counter                                  0x20010508   Data           1  main.o(.bss.counter)
    [Anonymous Symbol]                       0x20010508   Section        0  main.o(.bss.counter)
    oneshot_event_id                         0x2001050c   Data           4  main.o(.bss.oneshot_event_id)
    [Anonymous Symbol]                       0x2001050c   Section        0  main.o(.bss.oneshot_event_id)
    oneshot_id                               0x20010510   Data           4  main.o(.bss.oneshot_id)
    [Anonymous Symbol]                       0x20010510   Section        0  main.o(.bss.oneshot_id)
    oneshot_timer_id                         0x20010514   Data           4  main.o(.bss.oneshot_timer_id)
    [Anonymous Symbol]                       0x20010514   Section        0  main.o(.bss.oneshot_timer_id)
    oneshot_trigger                          0x20010518   Data           1  main.o(.bss.oneshot_trigger)
    [Anonymous Symbol]                       0x20010518   Section        0  main.o(.bss.oneshot_trigger)
    os_isr_queue                             0x20010520   Data          64  rtx_lib.o(.bss.os)
    [Anonymous Symbol]                       0x20010520   Section        0  rtx_lib.o(.bss.os)
    os_mem                                   0x20010560   Data       32768  rtx_lib.o(.bss.os)
    PendST                                   0x20018560   Data           1  os_systick.o(.bss.os)
    [Anonymous Symbol]                       0x20018560   Section        0  os_systick.o(.bss.os)
    os_libspace_id                           0x20018564   Data          16  rtx_lib.o(.bss.os.libspace)
    [Anonymous Symbol]                       0x20018564   Section        0  rtx_lib.o(.bss.os.libspace)
    os_libspace                              0x20018574   Data         480  rtx_lib.o(.bss.os.libspace)
    os_timer_mq_cb                           0x20018754   Data          52  rtx_lib.o(.bss.os.msgqueue.cb)
    [Anonymous Symbol]                       0x20018754   Section        0  rtx_lib.o(.bss.os.msgqueue.cb)
    os_timer_mq_data                         0x20018788   Data          80  rtx_lib.o(.bss.os.msgqueue.mem)
    [Anonymous Symbol]                       0x20018788   Section        0  rtx_lib.o(.bss.os.msgqueue.mem)
    os_idle_thread_cb                        0x200187d8   Data          80  rtx_lib.o(.bss.os.thread.cb)
    [Anonymous Symbol]                       0x200187d8   Section        0  rtx_lib.o(.bss.os.thread.cb)
    os_timer_thread_cb                       0x20018828   Data          80  rtx_lib.o(.bss.os.thread.cb)
    os_idle_thread_stack                     0x20018878   Data         512  rtx_lib.o(.bss.os.thread.idle.stack)
    [Anonymous Symbol]                       0x20018878   Section        0  rtx_lib.o(.bss.os.thread.idle.stack)
    os_timer_thread_stack                    0x20018a78   Data         512  rtx_lib.o(.bss.os.thread.timer.stack)
    [Anonymous Symbol]                       0x20018a78   Section        0  rtx_lib.o(.bss.os.thread.timer.stack)
    os_kernel_is_active.os_kernel_active     0x20018c78   Data           1  rtx_lib.o(.bss.os_kernel_is_active.os_kernel_active)
    [Anonymous Symbol]                       0x20018c78   Section        0  rtx_lib.o(.bss.os_kernel_is_active.os_kernel_active)
    periodic_id                              0x20018c7c   Data           4  main.o(.bss.periodic_id)
    [Anonymous Symbol]                       0x20018c7c   Section        0  main.o(.bss.periodic_id)
    timerId                                  0x20018c80   Data           4  main.o(.bss.timerId)
    [Anonymous Symbol]                       0x20018c80   Section        0  main.o(.bss.timerId)
    Heap_Mem                                 0x20018c88   Data         512  startup_stm32f745xx.o(HEAP)
    HEAP                                     0x20018c88   Section      512  startup_stm32f745xx.o(HEAP)
    Stack_Mem                                0x20018e88   Data        1024  startup_stm32f745xx.o(STACK)
    STACK                                    0x20018e88   Section     1024  startup_stm32f745xx.o(STACK)
    __initial_sp                             0x20019288   Data           0  startup_stm32f745xx.o(STACK)
    FPCCR                                    0xe000ef34   Number         0  irq_armv7m.o ABSOLUTE

    Global Symbols

    Symbol Name                              Value     Ov Type        Size  Object(Section)

    BuildAttributes$$THM_ISAv4$E$P$D$K$B$S$7EM$VFPi5$EXTD16$VFPS$VFMA$PE$PLD8$A:L22UL41UL21$X:L11$S22US41US21$IEEE1$IW$~IW$USESV6$~STKCKD$USESV7$WCHAR32$ENUMINT$~SHL$OSPACE$ROPI$EBA8$UX$STANDARDLIB$REQ8$PRES8$EABIv2 0x00000000   Number         0  anon$$obj.o ABSOLUTE
    .bss.os.evflags.cb$$Base                  - Undefined Weak Reference
    .bss.os.evflags.cb$$Limit                 - Undefined Weak Reference
    .bss.os.mempool.cb$$Base                  - Undefined Weak Reference
    .bss.os.mempool.cb$$Limit                 - Undefined Weak Reference
    .bss.os.mutex.cb$$Base                    - Undefined Weak Reference
    .bss.os.mutex.cb$$Limit                   - Undefined Weak Reference
    .bss.os.semaphore.cb$$Base                - Undefined Weak Reference
    .bss.os.semaphore.cb$$Limit               - Undefined Weak Reference
    .bss.os.timer.cb$$Base                    - Undefined Weak Reference
    .bss.os.timer.cb$$Limit                   - Undefined Weak Reference
    __ARM_exceptions_init                     - Undefined Weak Reference
    __alloca_initialize                       - Undefined Weak Reference
    __arm_preinit_                            - Undefined Weak Reference
    __arm_relocate_pie_                       - Undefined Weak Reference
    __cpp_initialize__aeabi_                  - Undefined Weak Reference
    __cxa_finalize                            - Undefined Weak Reference
    __rt_locale                               - Undefined Weak Reference
    __sigvec_lookup                           - Undefined Weak Reference
    _atexit_init                              - Undefined Weak Reference
    _call_atexit_fns                          - Undefined Weak Reference
    _clock_init                               - Undefined Weak Reference
    _fp_trap_init                             - Undefined Weak Reference
    _fp_trap_shutdown                         - Undefined Weak Reference
    _get_lc_collate                           - Undefined Weak Reference
    _get_lc_ctype                             - Undefined Weak Reference
    _get_lc_monetary                          - Undefined Weak Reference
    _get_lc_numeric                           - Undefined Weak Reference
    _get_lc_time                              - Undefined Weak Reference
    _getenv_init                              - Undefined Weak Reference
    _handle_redirection                       - Undefined Weak Reference
    _init_alloc                               - Undefined Weak Reference
    _init_user_alloc                          - Undefined Weak Reference
    _initio                                   - Undefined Weak Reference
    _rand_init                                - Undefined Weak Reference
    _signal_finish                            - Undefined Weak Reference
    _signal_init                              - Undefined Weak Reference
    _terminate_alloc                          - Undefined Weak Reference
    _terminate_user_alloc                     - Undefined Weak Reference
    _terminateio                              - Undefined Weak Reference
    __Vectors_Size                           0x000001c8   Number         0  startup_stm32f745xx.o ABSOLUTE
    __Vectors                                0x08000000   Data           4  startup_stm32f745xx.o(RESET)
    __Vectors_End                            0x080001c8   Data           0  startup_stm32f745xx.o(RESET)
    __main                                   0x080001c9   Thumb Code     8  __main.o(!!!main)
    __scatterload                            0x080001d1   Thumb Code     0  __scatter.o(!!!scatter)
    __scatterload_rt2                        0x080001d1   Thumb Code    84  __scatter.o(!!!scatter)
    __scatterload_rt2_thumb_only             0x080001d1   Thumb Code     0  __scatter.o(!!!scatter)
    __scatterload_loop                       0x080001db   Thumb Code     0  __scatter.o(!!!scatter)
    __scatterload_copy                       0x0800022d   Thumb Code    26  __scatter_copy.o(!!handler_copy)
    __scatterload_null                       0x08000249   Thumb Code     2  __scatter.o(!!handler_null)
    __scatterload_zeroinit                   0x0800024d   Thumb Code    28  __scatter_zi.o(!!handler_zi)
    __rt_lib_init                            0x08000269   Thumb Code     0  libinit.o(.ARM.Collect$$libinit$$00000000)
    __rt_lib_init_fp_1                       0x0800026b   Thumb Code     0  libinit2.o(.ARM.Collect$$libinit$$00000001)
    __rt_lib_init_alloca_1                   0x0800026f   Thumb Code     0  libinit2.o(.ARM.Collect$$libinit$$00000030)
    __rt_lib_init_argv_1                     0x0800026f   Thumb Code     0  libinit2.o(.ARM.Collect$$libinit$$0000002E)
    __rt_lib_init_atexit_1                   0x0800026f   Thumb Code     0  libinit2.o(.ARM.Collect$$libinit$$0000001D)
    __rt_lib_init_clock_1                    0x0800026f   Thumb Code     0  libinit2.o(.ARM.Collect$$libinit$$00000023)
    __rt_lib_init_cpp_1                      0x0800026f   Thumb Code     0  libinit2.o(.ARM.Collect$$libinit$$00000034)
    __rt_lib_init_exceptions_1               0x0800026f   Thumb Code     0  libinit2.o(.ARM.Collect$$libinit$$00000032)
    __rt_lib_init_fp_trap_1                  0x0800026f   Thumb Code     0  libinit2.o(.ARM.Collect$$libinit$$00000021)
    __rt_lib_init_getenv_1                   0x0800026f   Thumb Code     0  libinit2.o(.ARM.Collect$$libinit$$00000025)
    __rt_lib_init_heap_1                     0x0800026f   Thumb Code     0  libinit2.o(.ARM.Collect$$libinit$$0000000C)
    __rt_lib_init_lc_collate_1               0x0800026f   Thumb Code     0  libinit2.o(.ARM.Collect$$libinit$$00000013)
    __rt_lib_init_lc_ctype_1                 0x0800026f   Thumb Code     0  libinit2.o(.ARM.Collect$$libinit$$00000015)
    __rt_lib_init_lc_monetary_1              0x0800026f   Thumb Code     0  libinit2.o(.ARM.Collect$$libinit$$00000017)
    __rt_lib_init_lc_numeric_1               0x0800026f   Thumb Code     0  libinit2.o(.ARM.Collect$$libinit$$00000019)
    __rt_lib_init_lc_time_1                  0x0800026f   Thumb Code     0  libinit2.o(.ARM.Collect$$libinit$$0000001B)
    __rt_lib_init_preinit_1                  0x0800026f   Thumb Code     0  libinit2.o(.ARM.Collect$$libinit$$00000006)
    __rt_lib_init_rand_1                     0x0800026f   Thumb Code     0  libinit2.o(.ARM.Collect$$libinit$$00000010)
    __rt_lib_init_relocate_pie_1             0x0800026f   Thumb Code     0  libinit2.o(.ARM.Collect$$libinit$$00000004)
    __rt_lib_init_return                     0x0800026f   Thumb Code     0  libinit2.o(.ARM.Collect$$libinit$$00000035)
    __rt_lib_init_signal_1                   0x0800026f   Thumb Code     0  libinit2.o(.ARM.Collect$$libinit$$0000001F)
    __rt_lib_init_stdio_1                    0x0800026f   Thumb Code     0  libinit2.o(.ARM.Collect$$libinit$$00000027)
    __rt_lib_init_user_alloc_1               0x0800026f   Thumb Code     0  libinit2.o(.ARM.Collect$$libinit$$0000000E)
    __rt_lib_shutdown                        0x08000271   Thumb Code     0  libshutdown.o(.ARM.Collect$$libshutdown$$00000000)
    __rt_lib_shutdown_cpp_1                  0x08000273   Thumb Code     0  libshutdown2.o(.ARM.Collect$$libshutdown$$00000002)
    __rt_lib_shutdown_fp_trap_1              0x08000273   Thumb Code     0  libshutdown2.o(.ARM.Collect$$libshutdown$$00000007)
    __rt_lib_shutdown_heap_1                 0x08000273   Thumb Code     0  libshutdown2.o(.ARM.Collect$$libshutdown$$0000000F)
    __rt_lib_shutdown_return                 0x08000273   Thumb Code     0  libshutdown2.o(.ARM.Collect$$libshutdown$$00000010)
    __rt_lib_shutdown_signal_1               0x08000273   Thumb Code     0  libshutdown2.o(.ARM.Collect$$libshutdown$$0000000A)
    __rt_lib_shutdown_stdio_1                0x08000273   Thumb Code     0  libshutdown2.o(.ARM.Collect$$libshutdown$$00000004)
    __rt_lib_shutdown_user_alloc_1           0x08000273   Thumb Code     0  libshutdown2.o(.ARM.Collect$$libshutdown$$0000000C)
    __rt_entry                               0x08000275   Thumb Code     0  __rtentry.o(.ARM.Collect$$rtentry$$00000000)
    __rt_entry_presh_1                       0x08000275   Thumb Code     0  __rtentry2.o(.ARM.Collect$$rtentry$$00000002)
    __rt_entry_sh                            0x08000275   Thumb Code     0  __rtentry4.o(.ARM.Collect$$rtentry$$00000004)
    __rt_entry_postsh_1                      0x0800027b   Thumb Code     0  __rtentry2.o(.ARM.Collect$$rtentry$$00000008)
    __rt_entry_li                            0x08000283   Thumb Code     0  __rtentry2.o(.ARM.Collect$$rtentry$$0000000A)
    __rt_entry_main                          0x08000287   Thumb Code     0  __rtentry2.o(.ARM.Collect$$rtentry$$0000000D)
    __rt_entry_postli_1                      0x08000287   Thumb Code     0  __rtentry2.o(.ARM.Collect$$rtentry$$0000000C)
    __rt_exit                                0x0800028f   Thumb Code     0  rtexit.o(.ARM.Collect$$rtexit$$00000000)
    __rt_exit_ls                             0x08000291   Thumb Code     0  rtexit2.o(.ARM.Collect$$rtexit$$00000003)
    __rt_exit_prels_1                        0x08000291   Thumb Code     0  rtexit2.o(.ARM.Collect$$rtexit$$00000002)
    __rt_exit_exit                           0x08000295   Thumb Code     0  rtexit2.o(.ARM.Collect$$rtexit$$00000004)
    Reset_Handler                            0x0800029d   Thumb Code     8  startup_stm32f745xx.o(.text)
    NMI_Handler                              0x080002a5   Thumb Code     2  startup_stm32f745xx.o(.text)
    HardFault_Handler                        0x080002a7   Thumb Code     2  startup_stm32f745xx.o(.text)
    MemManage_Handler                        0x080002a9   Thumb Code     2  startup_stm32f745xx.o(.text)
    BusFault_Handler                         0x080002ab   Thumb Code     2  startup_stm32f745xx.o(.text)
    UsageFault_Handler                       0x080002ad   Thumb Code     2  startup_stm32f745xx.o(.text)
    DebugMon_Handler                         0x080002b1   Thumb Code     2  startup_stm32f745xx.o(.text)
    ADC_IRQHandler                           0x080002b7   Thumb Code     0  startup_stm32f745xx.o(.text)
    CAN1_RX0_IRQHandler                      0x080002b7   Thumb Code     0  startup_stm32f745xx.o(.text)
    CAN1_RX1_IRQHandler                      0x080002b7   Thumb Code     0  startup_stm32f745xx.o(.text)
    CAN1_SCE_IRQHandler                      0x080002b7   Thumb Code     0  startup_stm32f745xx.o(.text)
    CAN1_TX_IRQHandler                       0x080002b7   Thumb Code     0  startup_stm32f745xx.o(.text)
    CAN2_RX0_IRQHandler                      0x080002b7   Thumb Code     0  startup_stm32f745xx.o(.text)
    CAN2_RX1_IRQHandler                      0x080002b7   Thumb Code     0  startup_stm32f745xx.o(.text)
    CAN2_SCE_IRQHandler                      0x080002b7   Thumb Code     0  startup_stm32f745xx.o(.text)
    CAN2_TX_IRQHandler                       0x080002b7   Thumb Code     0  startup_stm32f745xx.o(.text)
    CEC_IRQHandler                           0x080002b7   Thumb Code     0  startup_stm32f745xx.o(.text)
    DCMI_IRQHandler                          0x080002b7   Thumb Code     0  startup_stm32f745xx.o(.text)
    DMA1_Stream0_IRQHandler                  0x080002b7   Thumb Code     0  startup_stm32f745xx.o(.text)
    DMA1_Stream1_IRQHandler                  0x080002b7   Thumb Code     0  startup_stm32f745xx.o(.text)
    DMA1_Stream2_IRQHandler                  0x080002b7   Thumb Code     0  startup_stm32f745xx.o(.text)
    DMA1_Stream3_IRQHandler                  0x080002b7   Thumb Code     0  startup_stm32f745xx.o(.text)
    DMA1_Stream4_IRQHandler                  0x080002b7   Thumb Code     0  startup_stm32f745xx.o(.text)
    DMA1_Stream5_IRQHandler                  0x080002b7   Thumb Code     0  startup_stm32f745xx.o(.text)
    DMA1_Stream6_IRQHandler                  0x080002b7   Thumb Code     0  startup_stm32f745xx.o(.text)
    DMA1_Stream7_IRQHandler                  0x080002b7   Thumb Code     0  startup_stm32f745xx.o(.text)
    DMA2D_IRQHandler                         0x080002b7   Thumb Code     0  startup_stm32f745xx.o(.text)
    DMA2_Stream0_IRQHandler                  0x080002b7   Thumb Code     0  startup_stm32f745xx.o(.text)
    DMA2_Stream1_IRQHandler                  0x080002b7   Thumb Code     0  startup_stm32f745xx.o(.text)
    DMA2_Stream2_IRQHandler                  0x080002b7   Thumb Code     0  startup_stm32f745xx.o(.text)
    DMA2_Stream3_IRQHandler                  0x080002b7   Thumb Code     0  startup_stm32f745xx.o(.text)
    DMA2_Stream4_IRQHandler                  0x080002b7   Thumb Code     0  startup_stm32f745xx.o(.text)
    DMA2_Stream5_IRQHandler                  0x080002b7   Thumb Code     0  startup_stm32f745xx.o(.text)
    DMA2_Stream6_IRQHandler                  0x080002b7   Thumb Code     0  startup_stm32f745xx.o(.text)
    DMA2_Stream7_IRQHandler                  0x080002b7   Thumb Code     0  startup_stm32f745xx.o(.text)
    ETH_IRQHandler                           0x080002b7   Thumb Code     0  startup_stm32f745xx.o(.text)
    ETH_WKUP_IRQHandler                      0x080002b7   Thumb Code     0  startup_stm32f745xx.o(.text)
    EXTI0_IRQHandler                         0x080002b7   Thumb Code     0  startup_stm32f745xx.o(.text)
    EXTI15_10_IRQHandler                     0x080002b7   Thumb Code     0  startup_stm32f745xx.o(.text)
    EXTI2_IRQHandler                         0x080002b7   Thumb Code     0  startup_stm32f745xx.o(.text)
    EXTI3_IRQHandler                         0x080002b7   Thumb Code     0  startup_stm32f745xx.o(.text)
    EXTI4_IRQHandler                         0x080002b7   Thumb Code     0  startup_stm32f745xx.o(.text)
    EXTI9_5_IRQHandler                       0x080002b7   Thumb Code     0  startup_stm32f745xx.o(.text)
    FLASH_IRQHandler                         0x080002b7   Thumb Code     0  startup_stm32f745xx.o(.text)
    FMC_IRQHandler                           0x080002b7   Thumb Code     0  startup_stm32f745xx.o(.text)
    FPU_IRQHandler                           0x080002b7   Thumb Code     0  startup_stm32f745xx.o(.text)
    I2C1_ER_IRQHandler                       0x080002b7   Thumb Code     0  startup_stm32f745xx.o(.text)
    I2C1_EV_IRQHandler                       0x080002b7   Thumb Code     0  startup_stm32f745xx.o(.text)
    I2C2_ER_IRQHandler                       0x080002b7   Thumb Code     0  startup_stm32f745xx.o(.text)
    I2C2_EV_IRQHandler                       0x080002b7   Thumb Code     0  startup_stm32f745xx.o(.text)
    I2C3_ER_IRQHandler                       0x080002b7   Thumb Code     0  startup_stm32f745xx.o(.text)
    I2C3_EV_IRQHandler                       0x080002b7   Thumb Code     0  startup_stm32f745xx.o(.text)
    I2C4_ER_IRQHandler                       0x080002b7   Thumb Code     0  startup_stm32f745xx.o(.text)
    I2C4_EV_IRQHandler                       0x080002b7   Thumb Code     0  startup_stm32f745xx.o(.text)
    LPTIM1_IRQHandler                        0x080002b7   Thumb Code     0  startup_stm32f745xx.o(.text)
    OTG_FS_IRQHandler                        0x080002b7   Thumb Code     0  startup_stm32f745xx.o(.text)
    OTG_FS_WKUP_IRQHandler                   0x080002b7   Thumb Code     0  startup_stm32f745xx.o(.text)
    OTG_HS_EP1_IN_IRQHandler                 0x080002b7   Thumb Code     0  startup_stm32f745xx.o(.text)
    OTG_HS_EP1_OUT_IRQHandler                0x080002b7   Thumb Code     0  startup_stm32f745xx.o(.text)
    OTG_HS_IRQHandler                        0x080002b7   Thumb Code     0  startup_stm32f745xx.o(.text)
    OTG_HS_WKUP_IRQHandler                   0x080002b7   Thumb Code     0  startup_stm32f745xx.o(.text)
    PVD_IRQHandler                           0x080002b7   Thumb Code     0  startup_stm32f745xx.o(.text)
    QUADSPI_IRQHandler                       0x080002b7   Thumb Code     0  startup_stm32f745xx.o(.text)
    RCC_IRQHandler                           0x080002b7   Thumb Code     0  startup_stm32f745xx.o(.text)
    RNG_IRQHandler                           0x080002b7   Thumb Code     0  startup_stm32f745xx.o(.text)
    RTC_Alarm_IRQHandler                     0x080002b7   Thumb Code     0  startup_stm32f745xx.o(.text)
    RTC_WKUP_IRQHandler                      0x080002b7   Thumb Code     0  startup_stm32f745xx.o(.text)
    SAI1_IRQHandler                          0x080002b7   Thumb Code     0  startup_stm32f745xx.o(.text)
    SAI2_IRQHandler                          0x080002b7   Thumb Code     0  startup_stm32f745xx.o(.text)
    SDMMC1_IRQHandler                        0x080002b7   Thumb Code     0  startup_stm32f745xx.o(.text)
    SPDIF_RX_IRQHandler                      0x080002b7   Thumb Code     0  startup_stm32f745xx.o(.text)
    SPI1_IRQHandler                          0x080002b7   Thumb Code     0  startup_stm32f745xx.o(.text)
    SPI2_IRQHandler                          0x080002b7   Thumb Code     0  startup_stm32f745xx.o(.text)
    SPI3_IRQHandler                          0x080002b7   Thumb Code     0  startup_stm32f745xx.o(.text)
    SPI4_IRQHandler                          0x080002b7   Thumb Code     0  startup_stm32f745xx.o(.text)
    SPI5_IRQHandler                          0x080002b7   Thumb Code     0  startup_stm32f745xx.o(.text)
    SPI6_IRQHandler                          0x080002b7   Thumb Code     0  startup_stm32f745xx.o(.text)
    TAMP_STAMP_IRQHandler                    0x080002b7   Thumb Code     0  startup_stm32f745xx.o(.text)
    TIM1_BRK_TIM9_IRQHandler                 0x080002b7   Thumb Code     0  startup_stm32f745xx.o(.text)
    TIM1_CC_IRQHandler                       0x080002b7   Thumb Code     0  startup_stm32f745xx.o(.text)
    TIM1_TRG_COM_TIM11_IRQHandler            0x080002b7   Thumb Code     0  startup_stm32f745xx.o(.text)
    TIM1_UP_TIM10_IRQHandler                 0x080002b7   Thumb Code     0  startup_stm32f745xx.o(.text)
    TIM2_IRQHandler                          0x080002b7   Thumb Code     0  startup_stm32f745xx.o(.text)
    TIM3_IRQHandler                          0x080002b7   Thumb Code     0  startup_stm32f745xx.o(.text)
    TIM4_IRQHandler                          0x080002b7   Thumb Code     0  startup_stm32f745xx.o(.text)
    TIM5_IRQHandler                          0x080002b7   Thumb Code     0  startup_stm32f745xx.o(.text)
    TIM6_DAC_IRQHandler                      0x080002b7   Thumb Code     0  startup_stm32f745xx.o(.text)
    TIM7_IRQHandler                          0x080002b7   Thumb Code     0  startup_stm32f745xx.o(.text)
    TIM8_BRK_TIM12_IRQHandler                0x080002b7   Thumb Code     0  startup_stm32f745xx.o(.text)
    TIM8_CC_IRQHandler                       0x080002b7   Thumb Code     0  startup_stm32f745xx.o(.text)
    TIM8_TRG_COM_TIM14_IRQHandler            0x080002b7   Thumb Code     0  startup_stm32f745xx.o(.text)
    TIM8_UP_TIM13_IRQHandler                 0x080002b7   Thumb Code     0  startup_stm32f745xx.o(.text)
    UART4_IRQHandler                         0x080002b7   Thumb Code     0  startup_stm32f745xx.o(.text)
    UART5_IRQHandler                         0x080002b7   Thumb Code     0  startup_stm32f745xx.o(.text)
    UART7_IRQHandler                         0x080002b7   Thumb Code     0  startup_stm32f745xx.o(.text)
    UART8_IRQHandler                         0x080002b7   Thumb Code     0  startup_stm32f745xx.o(.text)
    USART1_IRQHandler                        0x080002b7   Thumb Code     0  startup_stm32f745xx.o(.text)
    USART2_IRQHandler                        0x080002b7   Thumb Code     0  startup_stm32f745xx.o(.text)
    USART3_IRQHandler                        0x080002b7   Thumb Code     0  startup_stm32f745xx.o(.text)
    USART6_IRQHandler                        0x080002b7   Thumb Code     0  startup_stm32f745xx.o(.text)
    WWDG_IRQHandler                          0x080002b7   Thumb Code     0  startup_stm32f745xx.o(.text)
    __user_initial_stackheap                 0x080002b9   Thumb Code     0  startup_stm32f745xx.o(.text)
    SVC_Handler                              0x080002dd   Thumb Code   152  irq_armv7m.o(.text)
    PendSV_Handler                           0x08000375   Thumb Code    16  irq_armv7m.o(.text)
    SysTick_Handler                          0x08000385   Thumb Code    16  irq_armv7m.o(.text)
    __aeabi_memcpy                           0x080003a1   Thumb Code     0  rt_memcpy_v6.o(.text)
    __rt_memcpy                              0x080003a1   Thumb Code   138  rt_memcpy_v6.o(.text)
    _memcpy_lastbytes                        0x08000407   Thumb Code     0  rt_memcpy_v6.o(.text)
    __aeabi_memclr                           0x0800042b   Thumb Code     0  rt_memclr.o(.text)
    __rt_memclr                              0x0800042b   Thumb Code     0  rt_memclr.o(.text)
    _memset                                  0x0800042f   Thumb Code    64  rt_memclr.o(.text)
    __aeabi_memclr4                          0x0800046f   Thumb Code     0  rt_memclr_w.o(.text)
    __aeabi_memclr8                          0x0800046f   Thumb Code     0  rt_memclr_w.o(.text)
    __rt_memclr_w                            0x0800046f   Thumb Code     0  rt_memclr_w.o(.text)
    _memset_w                                0x08000473   Thumb Code    74  rt_memclr_w.o(.text)
    __use_two_region_memory                  0x080004bd   Thumb Code     2  heapauxi.o(.text)
    __rt_heap_escrow$2region                 0x080004bf   Thumb Code     2  heapauxi.o(.text)
    __rt_heap_expand$2region                 0x080004c1   Thumb Code     2  heapauxi.o(.text)
    __aeabi_memcpy4                          0x080004c3   Thumb Code     0  rt_memcpy_w.o(.text)
    __aeabi_memcpy8                          0x080004c3   Thumb Code     0  rt_memcpy_w.o(.text)
    __rt_memcpy_w                            0x080004c3   Thumb Code   100  rt_memcpy_w.o(.text)
    _memcpy_lastbytes_aligned                0x0800050b   Thumb Code     0  rt_memcpy_w.o(.text)
    __user_setup_stackheap                   0x08000527   Thumb Code    74  sys_stackheap_outer.o(.text)
    exit                                     0x08000571   Thumb Code    18  exit.o(.text)
    __user_libspace                          0x08000585   Thumb Code     8  libspace.o(.text)
    __user_perproc_libspace                  0x08000585   Thumb Code     0  libspace.o(.text)
    _sys_exit                                0x0800058d   Thumb Code     8  sys_exit.o(.text)
    __I$use$semihosting                      0x08000599   Thumb Code     0  use_no_semi.o(.text)
    __use_no_semihosting_swi                 0x08000599   Thumb Code     2  use_no_semi.o(.text)
    __semihosting_library_function           0x0800059b   Thumb Code     0  indicate_semi.o(.text)
    _fp_init                                 0x080005a1   Thumb Code    22  rtx_lib.o(.text.$Sub$$_fp_init)
    EXTI1_IRQHandler                         0x080005b9   Thumb Code    10  main.o(.text.EXTI1_IRQHandler)
    GPIO_Init                                0x08000629   Thumb Code   234  init.o(.text.GPIO_Init)
    HAL_GPIO_EXTI_Callback                   0x08000719   Thumb Code    72  main.o(.text.HAL_GPIO_EXTI_Callback)
    HAL_GPIO_EXTI_IRQHandler                 0x08000761   Thumb Code    56  stm32f7xx_hal_gpio.o(.text.HAL_GPIO_EXTI_IRQHandler)
    HAL_GPIO_Init                            0x08000799   Thumb Code  1004  stm32f7xx_hal_gpio.o(.text.HAL_GPIO_Init)
    HAL_GPIO_ReadPin                         0x08000b89   Thumb Code    40  stm32f7xx_hal_gpio.o(.text.HAL_GPIO_ReadPin)
    HAL_GPIO_TogglePin                       0x08000bb1   Thumb Code    38  stm32f7xx_hal_gpio.o(.text.HAL_GPIO_TogglePin)
    HAL_GPIO_WritePin                        0x08000bd9   Thumb Code    42  stm32f7xx_hal_gpio.o(.text.HAL_GPIO_WritePin)
    HAL_Init                                 0x08000c09   Thumb Code    46  stm32f7xx_hal.o(.text.HAL_Init)
    HAL_InitTick                             0x08000c39   Thumb Code    10  hal_tick.o(.text.HAL_InitTick)
    HAL_MspInit                              0x08000c49   Thumb Code     2  stm32f7xx_hal.o(.text.HAL_MspInit)
    HAL_NVIC_EnableIRQ                       0x08000c51   Thumb Code    16  stm32f7xx_hal_cortex.o(.text.HAL_NVIC_EnableIRQ)
    HAL_NVIC_SetPriority                     0x08000c61   Thumb Code    46  stm32f7xx_hal_cortex.o(.text.HAL_NVIC_SetPriority)
    HAL_NVIC_SetPriorityGrouping             0x08000c91   Thumb Code    16  stm32f7xx_hal_cortex.o(.text.HAL_NVIC_SetPriorityGrouping)
    OS_Tick_AcknowledgeIRQ                   0x08000de1   Thumb Code    12  os_systick.o(.text.OS_Tick_AcknowledgeIRQ)
    OS_Tick_Enable                           0x08000df1   Thumb Code    60  os_systick.o(.text.OS_Tick_Enable)
    OS_Tick_GetIRQn                          0x08000e31   Thumb Code     6  os_systick.o(.text.OS_Tick_GetIRQn)
    OS_Tick_Setup                            0x08000e39   Thumb Code   126  os_systick.o(.text.OS_Tick_Setup)
    SystemCoreClockUpdate                    0x08000f19   Thumb Code   302  system_stm32f7xx.o(.text.SystemCoreClockUpdate)
    SystemInit                               0x08001049   Thumb Code    18  system_stm32f7xx.o(.text.SystemInit)
    _mutex_acquire                           0x080011f1   Thumb Code    32  rtx_lib.o(.text._mutex_acquire)
    _mutex_free                              0x08001211   Thumb Code    18  rtx_lib.o(.text._mutex_free)
    _mutex_initialize                        0x08001229   Thumb Code    50  rtx_lib.o(.text._mutex_initialize)
    _mutex_release                           0x08001261   Thumb Code    28  rtx_lib.o(.text._mutex_release)
    _platform_post_stackheap_init            0x08001281   Thumb Code     8  rtx_lib.o(.text._platform_post_stackheap_init)
    app_main                                 0x08001289   Thumb Code    62  main.o(.text.app_main)
    main                                     0x080012c9   Thumb Code   124  main.o(.text.main)
    oneshot                                  0x08001349   Thumb Code    78  main.o(.text.oneshot)
    oneshot_timer_callback                   0x08001399   Thumb Code    42  main.o(.text.oneshot_timer_callback)
    osDelay                                  0x080013c5   Thumb Code    32  rtx_delay.o(.text.osDelay)
    osEventFlagsNew                          0x080013e9   Thumb Code    32  rtx_evflags.o(.text.osEventFlagsNew)
    osEventFlagsSet                          0x0800140d   Thumb Code    72  rtx_evflags.o(.text.osEventFlagsSet)
    osEventFlagsWait                         0x08001459   Thumb Code    64  rtx_evflags.o(.text.osEventFlagsWait)
    osKernelGetState                         0x0800149d   Thumb Code    40  rtx_kernel.o(.text.osKernelGetState)
    osKernelInitialize                       0x080014cd   Thumb Code    40  rtx_kernel.o(.text.osKernelInitialize)
    osKernelStart                            0x080014f9   Thumb Code    32  rtx_kernel.o(.text.osKernelStart)
    osMessageQueueGet                        0x0800151d   Thumb Code   108  rtx_msgqueue.o(.text.osMessageQueueGet)
    osMessageQueuePut                        0x0800158d   Thumb Code   124  rtx_msgqueue.o(.text.osMessageQueuePut)
    osMutexAcquire                           0x0800160d   Thumb Code    32  rtx_mutex.o(.text.osMutexAcquire)
    osMutexDelete                            0x08001631   Thumb Code    32  rtx_mutex.o(.text.osMutexDelete)
    osMutexNew                               0x08001655   Thumb Code    32  rtx_mutex.o(.text.osMutexNew)
    osMutexRelease                           0x08001679   Thumb Code    32  rtx_mutex.o(.text.osMutexRelease)
    osRtxErrorNotify                         0x080016a1   Thumb Code    48  rtx_config.o(.text.osRtxErrorNotify)
    osRtxIdleThread                          0x08001709   Thumb Code     8  rtx_config.o(.text.osRtxIdleThread)
    osRtxKernelBeforeInit                    0x08001711   Thumb Code     2  rtx_kernel.o(.text.osRtxKernelBeforeInit)
    osRtxKernelErrorNotify                   0x08001713   Thumb Code     4  rtx_kernel.o(.text.osRtxKernelErrorNotify)
    osRtxMemoryAlloc                         0x08001717   Thumb Code   110  rtx_memory.o(.text.osRtxMemoryAlloc)
    osRtxMemoryFree                          0x08001785   Thumb Code    66  rtx_memory.o(.text.osRtxMemoryFree)
    osRtxMemoryInit                          0x080017c7   Thumb Code    54  rtx_memory.o(.text.osRtxMemoryInit)
    osRtxMemoryPoolAlloc                     0x080017fd   Thumb Code    58  rtx_mempool.o(.text.osRtxMemoryPoolAlloc)
    osRtxMemoryPoolFree                      0x08001837   Thumb Code    74  rtx_mempool.o(.text.osRtxMemoryPoolFree)
    osRtxMemoryPoolInit                      0x08001881   Thumb Code    56  rtx_mempool.o(.text.osRtxMemoryPoolInit)
    osRtxMessageQueueTimerSetup              0x08001965   Thumb Code    32  rtx_msgqueue.o(.text.osRtxMessageQueueTimerSetup)
    osRtxMutexOwnerRelease                   0x08001989   Thumb Code    72  rtx_mutex.o(.text.osRtxMutexOwnerRelease)
    osRtxMutexOwnerRestore                   0x080019d1   Thumb Code    74  rtx_mutex.o(.text.osRtxMutexOwnerRestore)
    osRtxPendSV_Handler                      0x08001a1d   Thumb Code   124  rtx_system.o(.text.osRtxPendSV_Handler)
    osRtxPostProcess                         0x08001ac1   Thumb Code   108  rtx_system.o(.text.osRtxPostProcess)
    osRtxThreadBeforeFree                    0x08001b31   Thumb Code    16  rtx_lib.o(.text.osRtxThreadBeforeFree)
    osRtxThreadDelayRemove                   0x08001bf1   Thumb Code    60  rtx_thread.o(.text.osRtxThreadDelayRemove)
    osRtxThreadDelayTick                     0x08001c2d   Thumb Code    76  rtx_thread.o(.text.osRtxThreadDelayTick)
    osRtxThreadDestroy                       0x08001c79   Thumb Code    32  rtx_thread.o(.text.osRtxThreadDestroy)
    osRtxThreadDispatch                      0x08001c99   Thumb Code    84  rtx_thread.o(.text.osRtxThreadDispatch)
    osRtxThreadJoinWakeup                    0x08001d45   Thumb Code    30  rtx_thread.o(.text.osRtxThreadJoinWakeup)
    osRtxThreadListGet                       0x08001d63   Thumb Code    18  rtx_thread.o(.text.osRtxThreadListGet)
    osRtxThreadListPut                       0x08001d75   Thumb Code    44  rtx_thread.o(.text.osRtxThreadListPut)
    osRtxThreadListRemove                    0x08001da1   Thumb Code    20  rtx_thread.o(.text.osRtxThreadListRemove)
    osRtxThreadListSort                      0x08001db5   Thumb Code    38  rtx_thread.o(.text.osRtxThreadListSort)
    osRtxThreadReadyPut                      0x08001e05   Thumb Code    16  rtx_thread.o(.text.osRtxThreadReadyPut)
    osRtxThreadRegPtr                        0x08001e15   Thumb Code    20  rtx_thread.o(.text.osRtxThreadRegPtr)
    osRtxThreadStartup                       0x08001e29   Thumb Code    48  rtx_thread.o(.text.osRtxThreadStartup)
    osRtxThreadSwitch                        0x08001e61   Thumb Code    28  rtx_thread.o(.text.osRtxThreadSwitch)
    osRtxThreadWaitEnter                     0x08001e81   Thumb Code    56  rtx_thread.o(.text.osRtxThreadWaitEnter)
    osRtxThreadWaitExit                      0x08001ebd   Thumb Code    50  rtx_thread.o(.text.osRtxThreadWaitExit)
    osRtxTick_Handler                        0x08001ef1   Thumb Code   112  rtx_system.o(.text.osRtxTick_Handler)
    osRtxTimerSetup                          0x08001f65   Thumb Code    24  rtx_timer.o(.text.osRtxTimerSetup)
    osRtxTimerThread                         0x08001f85   Thumb Code    32  rtx_timer.o(.text.osRtxTimerThread)
    osThreadExit                             0x0800201d   Thumb Code     8  rtx_thread.o(.text.osThreadExit)
    osThreadNew                              0x08002029   Thumb Code    40  rtx_thread.o(.text.osThreadNew)
    osThreadSuspend                          0x08002055   Thumb Code    32  rtx_thread.o(.text.osThreadSuspend)
    osTimerNew                               0x08002079   Thumb Code    32  rtx_timer.o(.text.osTimerNew)
    osTimerStart                             0x0800209d   Thumb Code    32  rtx_timer.o(.text.osTimerStart)
    periodic                                 0x080020f9   Thumb Code    74  main.o(.text.periodic)
    timerCallback                            0x08002c89   Thumb Code    22  main.o(.text.timerCallback)
    $Super$$_fp_init                         0x08002ce9   Thumb Code    26  fpinit.o(x$fpl$fpinit)
    __fplib_config_fpu_vfp                   0x08002d01   Thumb Code     0  fpinit.o(x$fpl$fpinit)
    __fplib_config_pureend_doubles           0x08002d01   Thumb Code     0  fpinit.o(x$fpl$fpinit)
    osRtxConfig                              0x08002d04   Data         112  rtx_lib.o(.rodata)
    os_cb_sections                           0x08002d74   Data          56  rtx_lib.o(.rodata)
    AHBPrescTable                            0x08002dac   Data          16  system_stm32f7xx.o(.rodata.AHBPrescTable)
    app_main_attr                            0x08002dbc   Data          36  main.o(.rodata.app_main_attr)
    osRtxUserSVC                             0x08002de0   Data           4  rtx_lib.o(.rodata.osRtxUserSVC)
    Region$$Table$$Base                      0x08002e90   Number         0  anon$$obj.o(Region$$Table)
    Region$$Table$$Limit                     0x08002eb0   Number         0  anon$$obj.o(Region$$Table)
    SystemCoreClock                          0x20010000   Data           4  system_stm32f7xx.o(.data.SystemCoreClock)
    osRtxInfo                                0x20010004   Data         164  rtx_kernel.o(.data.os)
    __libspace_start                         0x200100a8   Data          96  libspace.o(.bss)
    __temporary_stack_top$libspace           0x20010108   Data           0  libspace.o(.bss)
    app_main_stk                             0x20010108   Data        1024  main.o(.bss.app_main_stk)
    .bss.os.msgqueue.cb$$Base                0x20018754   Number         0  rtx_lib.o(.bss.os.msgqueue.cb)
    .bss.os.msgqueue.cb$$Limit               0x20018788   Number         0  rtx_lib.o(.bss.os.msgqueue.cb)
    .bss.os.thread.cb$$Base                  0x200187d8   Number         0  rtx_lib.o(.bss.os.thread.cb)
    .bss.os.thread.cb$$Limit                 0x20018878   Number         0  rtx_lib.o(.bss.os.thread.cb)



==============================================================================

Memory Map of the image

  Image Entry point : 0x080001c9

  Load Region LR_IROM1 (Base: 0x08000000, Size: 0x00002f58, Max: 0x00100000, ABSOLUTE)

    Execution Region ER_IROM1 (Exec base: 0x08000000, Load base: 0x08000000, Size: 0x00002eb0, Max: 0x00100000, ABSOLUTE)

    Exec Addr    Load Addr    Size         Type   Attr      Idx    E Section Name        Object

    0x08000000   0x08000000   0x000001c8   Data   RO          473    RESET               startup_stm32f745xx.o
    0x080001c8   0x080001c8   0x00000008   Code   RO         1057  * !!!main             c_wu.l(__main.o)
    0x080001d0   0x080001d0   0x0000005c   Code   RO         1232    !!!scatter          c_wu.l(__scatter.o)
    0x0800022c   0x0800022c   0x0000001a   Code   RO         1236    !!handler_copy      c_wu.l(__scatter_copy.o)
    0x08000246   0x08000246   0x00000002   PAD
    0x08000248   0x08000248   0x00000002   Code   RO         1233    !!handler_null      c_wu.l(__scatter.o)
    0x0800024a   0x0800024a   0x00000002   PAD
    0x0800024c   0x0800024c   0x0000001c   Code   RO         1238    !!handler_zi        c_wu.l(__scatter_zi.o)
    0x08000268   0x08000268   0x00000002   Code   RO         1096    .ARM.Collect$$libinit$$00000000  c_wu.l(libinit.o)
    0x0800026a   0x0800026a   0x00000004   Code   RO         1108    .ARM.Collect$$libinit$$00000001  c_wu.l(libinit2.o)
    0x0800026e   0x0800026e   0x00000000   Code   RO         1111    .ARM.Collect$$libinit$$00000004  c_wu.l(libinit2.o)
    0x0800026e   0x0800026e   0x00000000   Code   RO         1113    .ARM.Collect$$libinit$$00000006  c_wu.l(libinit2.o)
    0x0800026e   0x0800026e   0x00000000   Code   RO         1116    .ARM.Collect$$libinit$$0000000C  c_wu.l(libinit2.o)
    0x0800026e   0x0800026e   0x00000000   Code   RO         1118    .ARM.Collect$$libinit$$0000000E  c_wu.l(libinit2.o)
    0x0800026e   0x0800026e   0x00000000   Code   RO         1120    .ARM.Collect$$libinit$$00000010  c_wu.l(libinit2.o)
    0x0800026e   0x0800026e   0x00000000   Code   RO         1123    .ARM.Collect$$libinit$$00000013  c_wu.l(libinit2.o)
    0x0800026e   0x0800026e   0x00000000   Code   RO         1125    .ARM.Collect$$libinit$$00000015  c_wu.l(libinit2.o)
    0x0800026e   0x0800026e   0x00000000   Code   RO         1127    .ARM.Collect$$libinit$$00000017  c_wu.l(libinit2.o)
    0x0800026e   0x0800026e   0x00000000   Code   RO         1129    .ARM.Collect$$libinit$$00000019  c_wu.l(libinit2.o)
    0x0800026e   0x0800026e   0x00000000   Code   RO         1131    .ARM.Collect$$libinit$$0000001B  c_wu.l(libinit2.o)
    0x0800026e   0x0800026e   0x00000000   Code   RO         1133    .ARM.Collect$$libinit$$0000001D  c_wu.l(libinit2.o)
    0x0800026e   0x0800026e   0x00000000   Code   RO         1135    .ARM.Collect$$libinit$$0000001F  c_wu.l(libinit2.o)
    0x0800026e   0x0800026e   0x00000000   Code   RO         1137    .ARM.Collect$$libinit$$00000021  c_wu.l(libinit2.o)
    0x0800026e   0x0800026e   0x00000000   Code   RO         1139    .ARM.Collect$$libinit$$00000023  c_wu.l(libinit2.o)
    0x0800026e   0x0800026e   0x00000000   Code   RO         1141    .ARM.Collect$$libinit$$00000025  c_wu.l(libinit2.o)
    0x0800026e   0x0800026e   0x00000000   Code   RO         1143    .ARM.Collect$$libinit$$00000027  c_wu.l(libinit2.o)
    0x0800026e   0x0800026e   0x00000000   Code   RO         1147    .ARM.Collect$$libinit$$0000002E  c_wu.l(libinit2.o)
    0x0800026e   0x0800026e   0x00000000   Code   RO         1149    .ARM.Collect$$libinit$$00000030  c_wu.l(libinit2.o)
    0x0800026e   0x0800026e   0x00000000   Code   RO         1151    .ARM.Collect$$libinit$$00000032  c_wu.l(libinit2.o)
    0x0800026e   0x0800026e   0x00000000   Code   RO         1153    .ARM.Collect$$libinit$$00000034  c_wu.l(libinit2.o)
    0x0800026e   0x0800026e   0x00000002   Code   RO         1154    .ARM.Collect$$libinit$$00000035  c_wu.l(libinit2.o)
    0x08000270   0x08000270   0x00000002   Code   RO         1187    .ARM.Collect$$libshutdown$$00000000  c_wu.l(libshutdown.o)
    0x08000272   0x08000272   0x00000000   Code   RO         1215    .ARM.Collect$$libshutdown$$00000002  c_wu.l(libshutdown2.o)
    0x08000272   0x08000272   0x00000000   Code   RO         1217    .ARM.Collect$$libshutdown$$00000004  c_wu.l(libshutdown2.o)
    0x08000272   0x08000272   0x00000000   Code   RO         1220    .ARM.Collect$$libshutdown$$00000007  c_wu.l(libshutdown2.o)
    0x08000272   0x08000272   0x00000000   Code   RO         1223    .ARM.Collect$$libshutdown$$0000000A  c_wu.l(libshutdown2.o)
    0x08000272   0x08000272   0x00000000   Code   RO         1225    .ARM.Collect$$libshutdown$$0000000C  c_wu.l(libshutdown2.o)
    0x08000272   0x08000272   0x00000000   Code   RO         1228    .ARM.Collect$$libshutdown$$0000000F  c_wu.l(libshutdown2.o)
    0x08000272   0x08000272   0x00000002   Code   RO         1229    .ARM.Collect$$libshutdown$$00000010  c_wu.l(libshutdown2.o)
    0x08000274   0x08000274   0x00000000   Code   RO         1061    .ARM.Collect$$rtentry$$00000000  c_wu.l(__rtentry.o)
    0x08000274   0x08000274   0x00000000   Code   RO         1069    .ARM.Collect$$rtentry$$00000002  c_wu.l(__rtentry2.o)
    0x08000274   0x08000274   0x00000006   Code   RO         1081    .ARM.Collect$$rtentry$$00000004  c_wu.l(__rtentry4.o)
    0x0800027a   0x0800027a   0x00000008   Code   RO         1070    .ARM.Collect$$rtentry$$00000008  c_wu.l(__rtentry2.o)
    0x08000282   0x08000282   0x00000004   Code   RO         1072    .ARM.Collect$$rtentry$$0000000A  c_wu.l(__rtentry2.o)
    0x08000286   0x08000286   0x00000000   Code   RO         1074    .ARM.Collect$$rtentry$$0000000C  c_wu.l(__rtentry2.o)
    0x08000286   0x08000286   0x00000008   Code   RO         1075    .ARM.Collect$$rtentry$$0000000D  c_wu.l(__rtentry2.o)
    0x0800028e   0x0800028e   0x00000002   Code   RO         1100    .ARM.Collect$$rtexit$$00000000  c_wu.l(rtexit.o)
    0x08000290   0x08000290   0x00000000   Code   RO         1160    .ARM.Collect$$rtexit$$00000002  c_wu.l(rtexit2.o)
    0x08000290   0x08000290   0x00000004   Code   RO         1161    .ARM.Collect$$rtexit$$00000003  c_wu.l(rtexit2.o)
    0x08000294   0x08000294   0x00000006   Code   RO         1162    .ARM.Collect$$rtexit$$00000004  c_wu.l(rtexit2.o)
    0x0800029a   0x0800029a   0x00000002   PAD
    0x0800029c   0x0800029c   0x00000040   Code   RO          474    .text               startup_stm32f745xx.o
    0x080002dc   0x080002dc   0x000000c4   Code   RO          494    .text               RTX_V7MF.lib(irq_armv7m.o)
    0x080003a0   0x080003a0   0x0000008a   Code   RO         1049    .text               c_wu.l(rt_memcpy_v6.o)
    0x0800042a   0x0800042a   0x00000044   Code   RO         1051    .text               c_wu.l(rt_memclr.o)
    0x0800046e   0x0800046e   0x0000004e   Code   RO         1053    .text               c_wu.l(rt_memclr_w.o)
    0x080004bc   0x080004bc   0x00000006   Code   RO         1055    .text               c_wu.l(heapauxi.o)
    0x080004c2   0x080004c2   0x00000064   Code   RO         1066    .text               c_wu.l(rt_memcpy_w.o)
    0x08000526   0x08000526   0x0000004a   Code   RO         1085    .text               c_wu.l(sys_stackheap_outer.o)
    0x08000570   0x08000570   0x00000012   Code   RO         1087    .text               c_wu.l(exit.o)
    0x08000582   0x08000582   0x00000002   PAD
    0x08000584   0x08000584   0x00000008   Code   RO         1097    .text               c_wu.l(libspace.o)
    0x0800058c   0x0800058c   0x0000000c   Code   RO         1155    .text               c_wu.l(sys_exit.o)
    0x08000598   0x08000598   0x00000002   Code   RO         1176    .text               c_wu.l(use_no_semi.o)
    0x0800059a   0x0800059a   0x00000000   Code   RO         1178    .text               c_wu.l(indicate_semi.o)
    0x0800059a   0x0800059a   0x00000006   PAD
    0x080005a0   0x080005a0   0x00000016   Code   RO          103    .text.$Sub$$_fp_init  rtx_lib.o
    0x080005b6   0x080005b6   0x00000002   PAD
    0x080005b8   0x080005b8   0x0000000a   Code   RO           25    .text.EXTI1_IRQHandler  main.o
    0x080005c2   0x080005c2   0x00000064   Code   RO          542    .text.EventFlagsCheck  RTX_V7MF.lib(rtx_evflags.o)
    0x08000626   0x08000626   0x00000002   PAD
    0x08000628   0x08000628   0x000000ea   Code   RO           93    .text.GPIO_Init     init.o
    0x08000712   0x08000712   0x00000006   PAD
    0x08000718   0x08000718   0x00000048   Code   RO           23    .text.HAL_GPIO_EXTI_Callback  main.o
    0x08000760   0x08000760   0x00000038   Code   RO          331    .text.HAL_GPIO_EXTI_IRQHandler  stm32f7xx_hal_gpio.o
    0x08000798   0x08000798   0x000003ec   Code   RO          319    .text.HAL_GPIO_Init  stm32f7xx_hal_gpio.o
    0x08000b84   0x08000b84   0x00000004   PAD
    0x08000b88   0x08000b88   0x00000028   Code   RO          323    .text.HAL_GPIO_ReadPin  stm32f7xx_hal_gpio.o
    0x08000bb0   0x08000bb0   0x00000026   Code   RO          327    .text.HAL_GPIO_TogglePin  stm32f7xx_hal_gpio.o
    0x08000bd6   0x08000bd6   0x00000002   PAD
    0x08000bd8   0x08000bd8   0x0000002a   Code   RO          325    .text.HAL_GPIO_WritePin  stm32f7xx_hal_gpio.o
    0x08000c02   0x08000c02   0x00000006   PAD
    0x08000c08   0x08000c08   0x0000002e   Code   RO          180    .text.HAL_Init      stm32f7xx_hal.o
    0x08000c36   0x08000c36   0x00000002   PAD
    0x08000c38   0x08000c38   0x0000000a   Code   RO           75    .text.HAL_InitTick  hal_tick.o
    0x08000c42   0x08000c42   0x00000006   PAD
    0x08000c48   0x08000c48   0x00000002   Code   RO          184    .text.HAL_MspInit   stm32f7xx_hal.o
    0x08000c4a   0x08000c4a   0x00000006   PAD
    0x08000c50   0x08000c50   0x00000010   Code   RO          260    .text.HAL_NVIC_EnableIRQ  stm32f7xx_hal_cortex.o
    0x08000c60   0x08000c60   0x0000002e   Code   RO          252    .text.HAL_NVIC_SetPriority  stm32f7xx_hal_cortex.o
    0x08000c8e   0x08000c8e   0x00000002   PAD
    0x08000c90   0x08000c90   0x00000010   Code   RO          248    .text.HAL_NVIC_SetPriorityGrouping  stm32f7xx_hal_cortex.o
    0x08000ca0   0x08000ca0   0x00000016   Code   RO          716    .text.IsIrqMasked   RTX_V7MF.lib(rtx_thread.o)
    0x08000cb6   0x08000cb6   0x00000040   Code   RO         1012    .text.MessageQueueGet  RTX_V7MF.lib(rtx_msgqueue.o)
    0x08000cf6   0x08000cf6   0x00000058   Code   RO         1008    .text.MessageQueuePut  RTX_V7MF.lib(rtx_msgqueue.o)
    0x08000d4e   0x08000d4e   0x0000001c   Code   RO         1006    .text.MessageQueueRemove  RTX_V7MF.lib(rtx_msgqueue.o)
    0x08000d6a   0x08000d6a   0x00000006   PAD
    0x08000d70   0x08000d70   0x0000006c   Code   RO          258    .text.NVIC_EncodePriority  stm32f7xx_hal_cortex.o
    0x08000ddc   0x08000ddc   0x00000004   PAD
    0x08000de0   0x08000de0   0x0000000c   Code   RO          149    .text.OS_Tick_AcknowledgeIRQ  os_systick.o
    0x08000dec   0x08000dec   0x00000004   PAD
    0x08000df0   0x08000df0   0x0000003c   Code   RO          145    .text.OS_Tick_Enable  os_systick.o
    0x08000e2c   0x08000e2c   0x00000004   PAD
    0x08000e30   0x08000e30   0x00000006   Code   RO          151    .text.OS_Tick_GetIRQn  os_systick.o
    0x08000e36   0x08000e36   0x00000002   PAD
    0x08000e38   0x08000e38   0x0000007e   Code   RO          143    .text.OS_Tick_Setup  os_systick.o
    0x08000eb6   0x08000eb6   0x0000000c   Code   RO          624    .text.OUTLINED_FUNCTION_0  RTX_V7MF.lib(rtx_kernel.o)
    0x08000ec2   0x08000ec2   0x00000010   Code   RO          840    .text.OUTLINED_FUNCTION_0  RTX_V7MF.lib(rtx_thread.o)
    0x08000ed2   0x08000ed2   0x0000000c   Code   RO         1020    .text.OUTLINED_FUNCTION_0  RTX_V7MF.lib(rtx_msgqueue.o)
    0x08000ede   0x08000ede   0x00000006   Code   RO          626    .text.OUTLINED_FUNCTION_1  RTX_V7MF.lib(rtx_kernel.o)
    0x08000ee4   0x08000ee4   0x00000006   Code   RO         1022    .text.OUTLINED_FUNCTION_1  RTX_V7MF.lib(rtx_msgqueue.o)
    0x08000eea   0x08000eea   0x00000006   Code   RO          844    .text.OUTLINED_FUNCTION_2  RTX_V7MF.lib(rtx_thread.o)
    0x08000ef0   0x08000ef0   0x00000014   Code   RO          848    .text.OUTLINED_FUNCTION_4  RTX_V7MF.lib(rtx_thread.o)
    0x08000f04   0x08000f04   0x00000006   Code   RO          850    .text.OUTLINED_FUNCTION_5  RTX_V7MF.lib(rtx_thread.o)
    0x08000f0a   0x08000f0a   0x00000008   Code   RO          852    .text.OUTLINED_FUNCTION_6  RTX_V7MF.lib(rtx_thread.o)
    0x08000f12   0x08000f12   0x00000006   PAD
    0x08000f18   0x08000f18   0x0000012e   Code   RO          483    .text.SystemCoreClockUpdate  system_stm32f7xx.o
    0x08001046   0x08001046   0x00000002   PAD
    0x08001048   0x08001048   0x00000012   Code   RO          481    .text.SystemInit    system_stm32f7xx.o
    0x0800105a   0x0800105a   0x00000064   Code   RO          792    .text.ThreadFlagsCheck  RTX_V7MF.lib(rtx_thread.o)
    0x080010be   0x080010be   0x00000002   PAD
    0x080010c0   0x080010c0   0x00000044   Code   RO          882    .text.TimerInsert   RTX_V7MF.lib(rtx_timer.o)
    0x08001104   0x08001104   0x00000028   Code   RO          888    .text.TimerRemove   RTX_V7MF.lib(rtx_timer.o)
    0x0800112c   0x0800112c   0x00000004   PAD
    0x08001130   0x08001130   0x0000002a   Code   RO          262    .text.__NVIC_EnableIRQ  stm32f7xx_hal_cortex.o
    0x0800115a   0x0800115a   0x00000006   PAD
    0x08001160   0x08001160   0x00000010   Code   RO          254    .text.__NVIC_GetPriorityGrouping  stm32f7xx_hal_cortex.o
    0x08001170   0x08001170   0x0000003a   Code   RO          256    .text.__NVIC_SetPriority  stm32f7xx_hal_cortex.o
    0x080011aa   0x080011aa   0x00000006   PAD
    0x080011b0   0x080011b0   0x0000003c   Code   RO          250    .text.__NVIC_SetPriorityGrouping  stm32f7xx_hal_cortex.o
    0x080011ec   0x080011ec   0x00000004   PAD
    0x080011f0   0x080011f0   0x00000020   Code   RO          115    .text._mutex_acquire  rtx_lib.o
    0x08001210   0x08001210   0x00000012   Code   RO          119    .text._mutex_free   rtx_lib.o
    0x08001222   0x08001222   0x00000006   PAD
    0x08001228   0x08001228   0x00000032   Code   RO          113    .text._mutex_initialize  rtx_lib.o
    0x0800125a   0x0800125a   0x00000006   PAD
    0x08001260   0x08001260   0x0000001c   Code   RO          117    .text._mutex_release  rtx_lib.o
    0x0800127c   0x0800127c   0x00000004   PAD
    0x08001280   0x08001280   0x00000008   Code   RO          101    .text._platform_post_stackheap_init  rtx_lib.o
    0x08001288   0x08001288   0x0000003e   Code   RO           27    .text.app_main      main.o
    0x080012c6   0x080012c6   0x00000002   PAD
    0x080012c8   0x080012c8   0x0000007c   Code   RO           29    .text.main          main.o
    0x08001344   0x08001344   0x00000004   PAD
    0x08001348   0x08001348   0x0000004e   Code   RO           19    .text.oneshot       main.o
    0x08001396   0x08001396   0x00000002   PAD
    0x08001398   0x08001398   0x0000002a   Code   RO           21    .text.oneshot_timer_callback  main.o
    0x080013c2   0x080013c2   0x00000002   PAD
    0x080013c4   0x080013c4   0x00000024   Code   RO          502    .text.osDelay       RTX_V7MF.lib(rtx_delay.o)
    0x080013e8   0x080013e8   0x00000024   Code   RO          518    .text.osEventFlagsNew  RTX_V7MF.lib(rtx_evflags.o)
    0x0800140c   0x0800140c   0x0000004c   Code   RO          524    .text.osEventFlagsSet  RTX_V7MF.lib(rtx_evflags.o)
    0x08001458   0x08001458   0x00000044   Code   RO          534    .text.osEventFlagsWait  RTX_V7MF.lib(rtx_evflags.o)
    0x0800149c   0x0800149c   0x00000030   Code   RO          568    .text.osKernelGetState  RTX_V7MF.lib(rtx_kernel.o)
    0x080014cc   0x080014cc   0x0000002c   Code   RO          562    .text.osKernelInitialize  RTX_V7MF.lib(rtx_kernel.o)
    0x080014f8   0x080014f8   0x00000024   Code   RO          572    .text.osKernelStart  RTX_V7MF.lib(rtx_kernel.o)
    0x0800151c   0x0800151c   0x00000070   Code   RO          982    .text.osMessageQueueGet  RTX_V7MF.lib(rtx_msgqueue.o)
    0x0800158c   0x0800158c   0x00000080   Code   RO          980    .text.osMessageQueuePut  RTX_V7MF.lib(rtx_msgqueue.o)
    0x0800160c   0x0800160c   0x00000024   Code   RO          648    .text.osMutexAcquire  RTX_V7MF.lib(rtx_mutex.o)
    0x08001630   0x08001630   0x00000024   Code   RO          654    .text.osMutexDelete  RTX_V7MF.lib(rtx_mutex.o)
    0x08001654   0x08001654   0x00000024   Code   RO          642    .text.osMutexNew    RTX_V7MF.lib(rtx_mutex.o)
    0x08001678   0x08001678   0x00000024   Code   RO          650    .text.osMutexRelease  RTX_V7MF.lib(rtx_mutex.o)
    0x0800169c   0x0800169c   0x00000004   PAD
    0x080016a0   0x080016a0   0x00000030   Code   RO          171    .text.osRtxErrorNotify  rtx_config.o
    0x080016d0   0x080016d0   0x00000032   Code   RO          540    .text.osRtxEventFlagsPostProcess  RTX_V7MF.lib(rtx_evflags.o)
    0x08001702   0x08001702   0x00000006   PAD
    0x08001708   0x08001708   0x00000008   Code   RO          169    .text.osRtxIdleThread  rtx_config.o
    0x08001710   0x08001710   0x00000002   Code   RO          558    .text.osRtxKernelBeforeInit  RTX_V7MF.lib(rtx_kernel.o)
    0x08001712   0x08001712   0x00000004   Code   RO          560    .text.osRtxKernelErrorNotify  RTX_V7MF.lib(rtx_kernel.o)
    0x08001716   0x08001716   0x0000006e   Code   RO          906    .text.osRtxMemoryAlloc  RTX_V7MF.lib(rtx_memory.o)
    0x08001784   0x08001784   0x00000042   Code   RO          908    .text.osRtxMemoryFree  RTX_V7MF.lib(rtx_memory.o)
    0x080017c6   0x080017c6   0x00000036   Code   RO          904    .text.osRtxMemoryInit  RTX_V7MF.lib(rtx_memory.o)
    0x080017fc   0x080017fc   0x0000003a   Code   RO          920    .text.osRtxMemoryPoolAlloc  RTX_V7MF.lib(rtx_mempool.o)
    0x08001836   0x08001836   0x0000004a   Code   RO          922    .text.osRtxMemoryPoolFree  RTX_V7MF.lib(rtx_mempool.o)
    0x08001880   0x08001880   0x00000038   Code   RO          918    .text.osRtxMemoryPoolInit  RTX_V7MF.lib(rtx_mempool.o)
    0x080018b8   0x080018b8   0x000000aa   Code   RO         1004    .text.osRtxMessageQueuePostProcess  RTX_V7MF.lib(rtx_msgqueue.o)
    0x08001962   0x08001962   0x00000002   PAD
    0x08001964   0x08001964   0x00000024   Code   RO          970    .text.osRtxMessageQueueTimerSetup  RTX_V7MF.lib(rtx_msgqueue.o)
    0x08001988   0x08001988   0x00000048   Code   RO          638    .text.osRtxMutexOwnerRelease  RTX_V7MF.lib(rtx_mutex.o)
    0x080019d0   0x080019d0   0x0000004a   Code   RO          640    .text.osRtxMutexOwnerRestore  RTX_V7MF.lib(rtx_mutex.o)
    0x08001a1a   0x08001a1a   0x00000002   PAD
    0x08001a1c   0x08001a1c   0x000000a4   Code   RO         1034    .text.osRtxPendSV_Handler  RTX_V7MF.lib(rtx_system.o)
    0x08001ac0   0x08001ac0   0x00000070   Code   RO         1036    .text.osRtxPostProcess  RTX_V7MF.lib(rtx_system.o)
    0x08001b30   0x08001b30   0x00000010   Code   RO          109    .text.osRtxThreadBeforeFree  rtx_lib.o
    0x08001b40   0x08001b40   0x00000034   Code   RO          694    .text.osRtxThreadBlock  RTX_V7MF.lib(rtx_thread.o)
    0x08001b74   0x08001b74   0x0000007c   Code   RO          700    .text.osRtxThreadDelayInsert  RTX_V7MF.lib(rtx_thread.o)
    0x08001bf0   0x08001bf0   0x0000003c   Code   RO          684    .text.osRtxThreadDelayRemove  RTX_V7MF.lib(rtx_thread.o)
    0x08001c2c   0x08001c2c   0x0000004c   Code   RO          686    .text.osRtxThreadDelayTick  RTX_V7MF.lib(rtx_thread.o)
    0x08001c78   0x08001c78   0x00000020   Code   RO          704    .text.osRtxThreadDestroy  RTX_V7MF.lib(rtx_thread.o)
    0x08001c98   0x08001c98   0x00000054   Code   RO          692    .text.osRtxThreadDispatch  RTX_V7MF.lib(rtx_thread.o)
    0x08001cec   0x08001cec   0x00000058   Code   RO          706    .text.osRtxThreadFree  RTX_V7MF.lib(rtx_thread.o)
    0x08001d44   0x08001d44   0x0000001e   Code   RO          702    .text.osRtxThreadJoinWakeup  RTX_V7MF.lib(rtx_thread.o)
    0x08001d62   0x08001d62   0x00000012   Code   RO          676    .text.osRtxThreadListGet  RTX_V7MF.lib(rtx_thread.o)
    0x08001d74   0x08001d74   0x0000002c   Code   RO          674    .text.osRtxThreadListPut  RTX_V7MF.lib(rtx_thread.o)
    0x08001da0   0x08001da0   0x00000014   Code   RO          680    .text.osRtxThreadListRemove  RTX_V7MF.lib(rtx_thread.o)
    0x08001db4   0x08001db4   0x00000026   Code   RO          678    .text.osRtxThreadListSort  RTX_V7MF.lib(rtx_thread.o)
    0x08001dda   0x08001dda   0x00000028   Code   RO          790    .text.osRtxThreadPostProcess  RTX_V7MF.lib(rtx_thread.o)
    0x08001e02   0x08001e02   0x00000002   PAD
    0x08001e04   0x08001e04   0x00000010   Code   RO          682    .text.osRtxThreadReadyPut  RTX_V7MF.lib(rtx_thread.o)
    0x08001e14   0x08001e14   0x00000014   Code   RO          688    .text.osRtxThreadRegPtr  RTX_V7MF.lib(rtx_thread.o)
    0x08001e28   0x08001e28   0x00000038   Code   RO          710    .text.osRtxThreadStartup  RTX_V7MF.lib(rtx_thread.o)
    0x08001e60   0x08001e60   0x00000020   Code   RO          690    .text.osRtxThreadSwitch  RTX_V7MF.lib(rtx_thread.o)
    0x08001e80   0x08001e80   0x0000003c   Code   RO          698    .text.osRtxThreadWaitEnter  RTX_V7MF.lib(rtx_thread.o)
    0x08001ebc   0x08001ebc   0x00000032   Code   RO          696    .text.osRtxThreadWaitExit  RTX_V7MF.lib(rtx_thread.o)
    0x08001eee   0x08001eee   0x00000002   PAD
    0x08001ef0   0x08001ef0   0x00000074   Code   RO         1032    .text.osRtxTick_Handler  RTX_V7MF.lib(rtx_system.o)
    0x08001f64   0x08001f64   0x00000020   Code   RO          862    .text.osRtxTimerSetup  RTX_V7MF.lib(rtx_timer.o)
    0x08001f84   0x08001f84   0x00000020   Code   RO          866    .text.osRtxTimerThread  RTX_V7MF.lib(rtx_timer.o)
    0x08001fa4   0x08001fa4   0x00000070   Code   RO          864    .text.osRtxTimerTick  RTX_V7MF.lib(rtx_timer.o)
    0x08002014   0x08002014   0x00000006   Code   RO          788    .text.osThreadEntry  RTX_V7MF.lib(rtx_thread.o)
    0x0800201a   0x0800201a   0x00000002   PAD
    0x0800201c   0x0800201c   0x0000000c   Code   RO          754    .text.osThreadExit  RTX_V7MF.lib(rtx_thread.o)
    0x08002028   0x08002028   0x0000002c   Code   RO          714    .text.osThreadNew   RTX_V7MF.lib(rtx_thread.o)
    0x08002054   0x08002054   0x00000024   Code   RO          746    .text.osThreadSuspend  RTX_V7MF.lib(rtx_thread.o)
    0x08002078   0x08002078   0x00000024   Code   RO          868    .text.osTimerNew    RTX_V7MF.lib(rtx_timer.o)
    0x0800209c   0x0800209c   0x00000024   Code   RO          874    .text.osTimerStart  RTX_V7MF.lib(rtx_timer.o)
    0x080020c0   0x080020c0   0x00000036   Code   RO          107    .text.os_kernel_is_active  rtx_lib.o
    0x080020f6   0x080020f6   0x00000002   PAD
    0x080020f8   0x080020f8   0x0000004a   Code   RO           17    .text.periodic      main.o
    0x08002142   0x08002142   0x00000016   Code   RO          506    .text.svcRtxDelay   RTX_V7MF.lib(rtx_delay.o)
    0x08002158   0x08002158   0x00000068   Code   RO          538    .text.svcRtxEventFlagsNew  RTX_V7MF.lib(rtx_evflags.o)
    0x080021c0   0x080021c0   0x00000080   Code   RO          544    .text.svcRtxEventFlagsSet  RTX_V7MF.lib(rtx_evflags.o)
    0x08002240   0x08002240   0x00000058   Code   RO          546    .text.svcRtxEventFlagsWait  RTX_V7MF.lib(rtx_evflags.o)
    0x08002298   0x08002298   0x0000000c   Code   RO          570    .text.svcRtxKernelGetState  RTX_V7MF.lib(rtx_kernel.o)
    0x080022a4   0x080022a4   0x00000104   Code   RO          608    .text.svcRtxKernelInitialize  RTX_V7MF.lib(rtx_kernel.o)
    0x080023a8   0x080023a8   0x00000074   Code   RO          610    .text.svcRtxKernelStart  RTX_V7MF.lib(rtx_kernel.o)
    0x0800241c   0x0800241c   0x000000cc   Code   RO         1014    .text.svcRtxMessageQueueGet  RTX_V7MF.lib(rtx_msgqueue.o)
    0x080024e8   0x080024e8   0x00000120   Code   RO          972    .text.svcRtxMessageQueueNew  RTX_V7MF.lib(rtx_msgqueue.o)
    0x08002608   0x08002608   0x000000a8   Code   RO         1010    .text.svcRtxMessageQueuePut  RTX_V7MF.lib(rtx_msgqueue.o)
    0x080026b0   0x080026b0   0x00000090   Code   RO          658    .text.svcRtxMutexAcquire  RTX_V7MF.lib(rtx_mutex.o)
    0x08002740   0x08002740   0x000000b0   Code   RO          664    .text.svcRtxMutexDelete  RTX_V7MF.lib(rtx_mutex.o)
    0x080027f0   0x080027f0   0x00000068   Code   RO          656    .text.svcRtxMutexNew  RTX_V7MF.lib(rtx_mutex.o)
    0x08002858   0x08002858   0x000000b4   Code   RO          660    .text.svcRtxMutexRelease  RTX_V7MF.lib(rtx_mutex.o)
    0x0800290c   0x0800290c   0x0000004c   Code   RO          816    .text.svcRtxThreadExit  RTX_V7MF.lib(rtx_thread.o)
    0x08002958   0x08002958   0x000001f8   Code   RO          712    .text.svcRtxThreadNew  RTX_V7MF.lib(rtx_thread.o)
    0x08002b50   0x08002b50   0x00000070   Code   RO          806    .text.svcRtxThreadSuspend  RTX_V7MF.lib(rtx_thread.o)
    0x08002bc0   0x08002bc0   0x0000007c   Code   RO          884    .text.svcRtxTimerNew  RTX_V7MF.lib(rtx_timer.o)
    0x08002c3c   0x08002c3c   0x00000048   Code   RO          886    .text.svcRtxTimerStart  RTX_V7MF.lib(rtx_timer.o)
    0x08002c84   0x08002c84   0x00000004   PAD
    0x08002c88   0x08002c88   0x00000016   Code   RO           15    .text.timerCallback  main.o
    0x08002c9e   0x08002c9e   0x00000002   PAD
    0x08002ca0   0x08002ca0   0x00000048   Code   RO          111    .text.user_perthread_libspace_free  rtx_lib.o
    0x08002ce8   0x08002ce8   0x0000001a   Code   RO         1059    x$fpl$fpinit        fz_wm.l(fpinit.o)
    0x08002d02   0x08002d02   0x00000002   PAD
    0x08002d04   0x08002d04   0x00000070   Data   RO          125    .rodata             rtx_lib.o
    0x08002d74   0x08002d74   0x00000038   Data   RO          128    .rodata             rtx_lib.o
    0x08002dac   0x08002dac   0x00000010   Data   RO          486    .rodata.AHBPrescTable  system_stm32f7xx.o
    0x08002dbc   0x08002dbc   0x00000024   Data   RO           32    .rodata.app_main_attr  main.o
    0x08002de0   0x08002de0   0x00000004   Data   RO          127    .rodata.osRtxUserSVC  rtx_lib.o
    0x08002de4   0x08002de4   0x00000024   Data   RO          122    .rodata.os_idle_thread_attr  rtx_lib.o
    0x08002e08   0x08002e08   0x00000018   Data   RO          124    .rodata.os_timer_mq_attr  rtx_lib.o
    0x08002e20   0x08002e20   0x00000024   Data   RO          123    .rodata.os_timer_thread_attr  rtx_lib.o
    0x08002e44   0x08002e44   0x0000001d   Data   RO           42    .rodata.str1.1      main.o
    0x08002e61   0x08002e61   0x00000003   PAD
    0x08002e64   0x08002e64   0x0000000b   Data   RO          628    .rodata.str1.4      RTX_V7MF.lib(rtx_kernel.o)
    0x08002e6f   0x08002e6f   0x00000001   PAD
    0x08002e70   0x08002e70   0x00000010   Data   RO           34    .rodata.timerAttr   main.o
    0x08002e80   0x08002e80   0x00000010   Data   RO           41    .rodata.timerAttr_2  main.o
    0x08002e90   0x08002e90   0x00000020   Data   RO         1231    Region$$Table       anon$$obj.o


    Execution Region RW_IRAM2 (Exec base: 0x20000000, Load base: 0x08002f58, Size: 0x00000000, Max: 0x00010000, ABSOLUTE)

    **** No section assigned to this execution region ****


    Execution Region RW_IRAM1 (Exec base: 0x20010000, Load base: 0x08002eb0, Size: 0x00009288, Max: 0x00040000, ABSOLUTE)

    Exec Addr    Load Addr    Size         Type   Attr      Idx    E Section Name        Object

    0x20010000   0x08002eb0   0x00000004   Data   RW          485    .data.SystemCoreClock  system_stm32f7xx.o
    0x20010004   0x08002eb4   0x000000a4   Data   RW          629    .data.os            RTX_V7MF.lib(rtx_kernel.o)
    0x200100a8        -       0x00000060   Zero   RW         1098    .bss                c_wu.l(libspace.o)
    0x20010108        -       0x00000400   Zero   RW           31    .bss.app_main_stk   main.o
    0x20010508        -       0x00000001   Zero   RW           33    .bss.counter        main.o
    0x20010509   0x08002f58   0x00000003   PAD
    0x2001050c        -       0x00000004   Zero   RW           36    .bss.oneshot_event_id  main.o
    0x20010510        -       0x00000004   Zero   RW           40    .bss.oneshot_id     main.o
    0x20010514        -       0x00000004   Zero   RW           38    .bss.oneshot_timer_id  main.o
    0x20010518        -       0x00000001   Zero   RW           37    .bss.oneshot_trigger  main.o
    0x20010519   0x08002f58   0x00000007   PAD
    0x20010520        -       0x00008040   Zero   RW          121    .bss.os             rtx_lib.o
    0x20018560        -       0x00000001   Zero   RW          161    .bss.os             os_systick.o
    0x20018561   0x08002f58   0x00000003   PAD
    0x20018564        -       0x000001f0   Zero   RW          129    .bss.os.libspace    rtx_lib.o
    0x20018754        -       0x00000034   Zero   RW          133    .bss.os.msgqueue.cb  rtx_lib.o
    0x20018788        -       0x00000050   Zero   RW          134    .bss.os.msgqueue.mem  rtx_lib.o
    0x200187d8        -       0x000000a0   Zero   RW          130    .bss.os.thread.cb   rtx_lib.o
    0x20018878        -       0x00000200   Zero   RW          131    .bss.os.thread.idle.stack  rtx_lib.o
    0x20018a78        -       0x00000200   Zero   RW          132    .bss.os.thread.timer.stack  rtx_lib.o
    0x20018c78        -       0x00000001   Zero   RW          135    .bss.os_kernel_is_active.os_kernel_active  rtx_lib.o
    0x20018c79   0x08002f58   0x00000003   PAD
    0x20018c7c        -       0x00000004   Zero   RW           39    .bss.periodic_id    main.o
    0x20018c80        -       0x00000004   Zero   RW           35    .bss.timerId        main.o
    0x20018c84   0x08002f58   0x00000004   PAD
    0x20018c88        -       0x00000200   Zero   RW          472    HEAP                startup_stm32f745xx.o
    0x20018e88        -       0x00000400   Zero   RW          471    STACK               startup_stm32f745xx.o


==============================================================================

Image component sizes


      Code (inc. data)   RO Data    RW Data    ZI Data      Debug   Object Name

        10          0          0          0          0        989   hal_tick.o
       234          0          0          0          0       2256   init.o
       484          0         97          0       1046       6652   main.o
       204          0          0          0          1       5651   os_systick.o
        56          6          0          0          0        718   rtx_config.o
       300          0        268          0      34645       8127   rtx_lib.o
        64         26        456          0       1536        892   startup_stm32f745xx.o
        48          0          0          0          0       7969   stm32f7xx_hal.o
       362          0          0          0          0      10640   stm32f7xx_hal_cortex.o
      1180          0          0          0          0       5434   stm32f7xx_hal_gpio.o
       320          0         16          4          0       3389   system_stm32f7xx.o

    ----------------------------------------------------------------------
      3360         32        872          4      37248      52717   Object Totals
         0          0         32          0          0          0   (incl. Generated)
        98          0          3          0         20          0   (incl. Padding)

    ----------------------------------------------------------------------

      Code (inc. data)   RO Data    RW Data    ZI Data      Debug   Library Member Name

       196         12          0          0          0        712   irq_armv7m.o
        58          4          0          0          0       3032   rtx_delay.o
       650         20          0          0          0      13426   rtx_evflags.o
       540         36         11        164          0      19332   rtx_kernel.o
       230          0          0          0          0       2808   rtx_memory.o
       188          0          0          0          0      16536   rtx_mempool.o
      1304         24          0          0          0      19223   rtx_msgqueue.o
       894         28          0          0          0      10977   rtx_mutex.o
       392         48          0          0          0       5563   rtx_system.o
      1908         60          0          0          0      38973   rtx_thread.o
       552         32          0          0          0      11024   rtx_timer.o
         8          0          0          0          0         68   __main.o
         0          0          0          0          0          0   __rtentry.o
        20          0          0          0          0          0   __rtentry2.o
         6          0          0          0          0          0   __rtentry4.o
        94          8          0          0          0          0   __scatter.o
        26          0          0          0          0          0   __scatter_copy.o
        28          0          0          0          0          0   __scatter_zi.o
        18          0          0          0          0         80   exit.o
         6          0          0          0          0        152   heapauxi.o
         0          0          0          0          0          0   indicate_semi.o
         2          0          0          0          0          0   libinit.o
         6          0          0          0          0          0   libinit2.o
         2          0          0          0          0          0   libshutdown.o
         2          0          0          0          0          0   libshutdown2.o
         8          4          0          0         96         68   libspace.o
        68          0          0          0          0         68   rt_memclr.o
        78          0          0          0          0         80   rt_memclr_w.o
       138          0          0          0          0         68   rt_memcpy_v6.o
       100          0          0          0          0         80   rt_memcpy_w.o
         2          0          0          0          0          0   rtexit.o
        10          0          0          0          0          0   rtexit2.o
        12          4          0          0          0         68   sys_exit.o
        74          0          0          0          0         80   sys_stackheap_outer.o
         2          0          0          0          0         68   use_no_semi.o
        26          0          0          0          0        116   fpinit.o

    ----------------------------------------------------------------------
      7708        292         12        164         96     142602   Library Totals
        60         12          1          0          0          0   (incl. Padding)

    ----------------------------------------------------------------------

      Code (inc. data)   RO Data    RW Data    ZI Data      Debug   Library Name

      6912        264         11        164          0     141606   RTX_V7MF.lib
       710         16          0          0         96        880   c_wu.l
        26          0          0          0          0        116   fz_wm.l

    ----------------------------------------------------------------------
      7708        292         12        164         96     142602   Library Totals

    ----------------------------------------------------------------------

==============================================================================


      Code (inc. data)   RO Data    RW Data    ZI Data      Debug   

     11068        324        884        168      37344     194643   Grand Totals
     11068        324        884        168      37344     194643   ELF Image Totals
     11068        324        884        168          0          0   ROM Totals

==============================================================================

    Total RO  Size (Code + RO Data)                11952 (  11.67kB)
    Total RW  Size (RW Data + ZI Data)             37512 (  36.63kB)
    Total ROM Size (Code + RO Data + RW Data)      12120 (  11.84kB)

==============================================================================

